MPLINK 4.48, Linker
Linker Map File - Created Mon Jul 22 01:30:35 2013

                                 Section Info
                  Section       Type    Address   Location Size(Bytes)
                ---------  ---------  ---------  ---------  ---------
               _entry_scn       code   0x000000    program   0x000006
             .code_user.o       code   0x000006    program   0x000002
                 high_isr       code   0x000008    program   0x000052
                   .cinit    romdata   0x00005a    program   0x00000e
                     PROG       code   0x000068    program   0x000800
    .code_scooter_timer.o       code   0x000868    program   0x00012c
     .code_scooter_gpio.o       code   0x000994    program   0x0000f0
               _cinit_scn       code   0x000a84    program   0x00009e
      .code_scooter_adc.o       code   0x000b22    program   0x00007c
          .code_rb1open.o       code   0x000b9e    program   0x000052
           .code_t1open.o       code   0x000bf0    program   0x00004e
          .code_rb0open.o       code   0x000c3e    program   0x000048
           .code_t0open.o       code   0x000c86    program   0x000036
          .code_t1write.o       code   0x000cbc    program   0x000030
           .code_t1read.o       code   0x000cec    program   0x000030
             .code_main.o       code   0x000d1c    program   0x000030
     .code_adcselchconv.o       code   0x000d4c    program   0x000030
         .code_adcsetch.o       code   0x000d7c    program   0x00002e
                    .code       code   0x000daa    program   0x000020
             _startup_scn       code   0x000dca    program   0x00001a
      .code_scooter_pwm.o       code   0x000de4    program   0x000018
          .code_adcread.o       code   0x000dfc    program   0x000018
.code_scooter_interrupts.o       code   0x000e14    program   0x000016
          .code_adcbusy.o       code   0x000e2a    program   0x00000a
          .code_t1close.o       code   0x000e34    program   0x000006
          .code_t0close.o       code   0x000e3a    program   0x000006
         .code_adcclose.o       code   0x000e40    program   0x000006
          .code_adcconv.o       code   0x000e46    program   0x000004
           .code_system.o       code   0x000e4a    program   0x000002
           .code___init.o       code   0x000e4c    program   0x000002
       .romdata_t0close.o    romdata   0x000e4e    program   0x000000
        .romdata_t1read.o    romdata   0x000e4e    program   0x000000
        .idata_t1read.o_i    romdata   0x000e4e    program   0x000000
       .idata_t1close.o_i    romdata   0x000e4e    program   0x000000
  .romdata_adcselchconv.o    romdata   0x000e4e    program   0x000000
       .romdata_adcread.o    romdata   0x000e4e    program   0x000000
        .romdata_t1open.o    romdata   0x000e4e    program   0x000000
       .romdata_t1close.o    romdata   0x000e4e    program   0x000000
        .idata_t1open.o_i    romdata   0x000e4e    program   0x000000
       .romdata_adcconv.o    romdata   0x000e4e    program   0x000000
        .romdata_t0open.o    romdata   0x000e4e    program   0x000000
       .idata_rb0open.o_i    romdata   0x000e4e    program   0x000000
       .romdata_rb0open.o    romdata   0x000e4e    program   0x000000
        .idata_t0open.o_i    romdata   0x000e4e    program   0x000000
       .romdata_rb1open.o    romdata   0x000e4e    program   0x000000
       .idata_rb1open.o_i    romdata   0x000e4e    program   0x000000
       .romdata_c018i_e.o    romdata   0x000e4e    program   0x000000
        .romdata___init.o    romdata   0x000e4e    program   0x000000
.romdata_configuration_bits.o    romdata   0x000e4e    program   0x000000
    .romdata_interrupts.o    romdata   0x000e4e    program   0x000000
       .romdata_t1write.o    romdata   0x000e4e    program   0x000000
          .idata_main.o_i    romdata   0x000e4e    program   0x000008
          .romdata_main.o    romdata   0x000e4e    program   0x000000
       .idata_t1write.o_i    romdata   0x000e4e    program   0x000000
        .idata_system.o_i    romdata   0x000e4e    program   0x000000
        .romdata_system.o    romdata   0x000e4e    program   0x000000
          .idata_user.o_i    romdata   0x000e4e    program   0x000000
          .romdata_user.o    romdata   0x000e4e    program   0x000000
  .idata_scooter_gpio.o_i    romdata   0x000e4e    program   0x000000
  .romdata_scooter_gpio.o    romdata   0x000e4e    program   0x000000
 .idata_scooter_timer.o_i    romdata   0x000e4e    program   0x000000
 .romdata_scooter_timer.o    romdata   0x000e4e    program   0x000000
   .idata_scooter_adc.o_i    romdata   0x000e4e    program   0x000000
   .romdata_scooter_adc.o    romdata   0x000e4e    program   0x000000
.idata_scooter_interrupts.o_i    romdata   0x000e4e    program   0x000000
.romdata_scooter_interrupts.o    romdata   0x000e4e    program   0x000000
   .idata_scooter_pwm.o_i    romdata   0x000e4e    program   0x000000
   .romdata_scooter_pwm.o    romdata   0x000e4e    program   0x000000
       .romdata_adcbusy.o    romdata   0x000e4e    program   0x000000
      .romdata_adcsetch.o    romdata   0x000e4e    program   0x000000
      .romdata_adcclose.o    romdata   0x000e4e    program   0x000000
       .idata_t0close.o_i    romdata   0x000e4e    program   0x000000
      .idata_adcsetch.o_i    romdata   0x000e56    program   0x000000
        .idata___init.o_i    romdata   0x000e56    program   0x000000
  .idata_adcselchconv.o_i    romdata   0x000e56    program   0x000000
       .idata_adcread.o_i    romdata   0x000e56    program   0x000000
       .idata_adcconv.o_i    romdata   0x000e56    program   0x000000
      .idata_adcclose.o_i    romdata   0x000e56    program   0x000000
       .idata_adcbusy.o_i    romdata   0x000e56    program   0x000000
       .code_interrupts.o       code   0x000e56    program   0x000000
    .idata_interrupts.o_i    romdata   0x000e56    program   0x000000
.code_configuration_bits.o       code   0x000e56    program   0x000000
.idata_configuration_bits.o_i    romdata   0x000e56    program   0x000000
          .code_c018i_e.o       code   0x000e56    program   0x000000
       .idata_c018i_e.o_i    romdata   0x000e56    program   0x000000
                  low_isr       code   0x000f88    program   0x000022
    .config_300006_main.o    romdata   0x300006    program   0x000001
         .udata_c018i_e.o      udata   0x000000       data   0x00000a
            .idata_main.o      idata   0x00000a       data   0x000008
                MATH_DATA      udata   0x000012       data   0x000004
                 .tmpdata      udata   0x000016       data   0x000004
         .idata_t0close.o      idata   0x00001a       data   0x000000
         .udata_t1close.o      udata   0x00001a       data   0x000000
         .idata_t1close.o      idata   0x00001a       data   0x000000
         .udata_adcconv.o      udata   0x00001a       data   0x000000
         .idata_adcconv.o      idata   0x00001a       data   0x000000
         .udata_rb0open.o      udata   0x00001a       data   0x000000
         .idata_rb0open.o      idata   0x00001a       data   0x000000
         .udata_rb1open.o      udata   0x00001a       data   0x000000
         .idata_rb1open.o      idata   0x00001a       data   0x000000
          .udata_t0open.o      udata   0x00001a       data   0x000000
          .idata_t0open.o      idata   0x00001a       data   0x000000
          .udata_t1open.o      udata   0x00001a       data   0x000000
          .idata_t1open.o      idata   0x00001a       data   0x000000
         .udata_adcread.o      udata   0x00001a       data   0x000000
         .idata_adcread.o      idata   0x00001a       data   0x000000
          .udata_t1read.o      udata   0x00001a       data   0x000000
          .idata_t1read.o      idata   0x00001a       data   0x000000
    .udata_adcselchconv.o      udata   0x00001a       data   0x000000
    .idata_adcselchconv.o      idata   0x00001a       data   0x000000
        .udata_adcsetch.o      udata   0x00001a       data   0x000000
        .idata_adcsetch.o      idata   0x00001a       data   0x000000
         .udata_t1write.o      udata   0x00001a       data   0x000000
         .idata_t1write.o      idata   0x00001a       data   0x000000
          .udata___init.o      udata   0x00001a       data   0x000000
          .idata___init.o      idata   0x00001a       data   0x000000
         .idata_c018i_e.o      idata   0x00001a       data   0x000000
.udata_configuration_bits.o      udata   0x00001a       data   0x000000
.idata_configuration_bits.o      idata   0x00001a       data   0x000000
      .udata_interrupts.o      udata   0x00001a       data   0x000000
      .idata_interrupts.o      idata   0x00001a       data   0x000000
            .udata_main.o      udata   0x00001a       data   0x000000
          .udata_system.o      udata   0x00001a       data   0x000000
          .idata_system.o      idata   0x00001a       data   0x000000
            .udata_user.o      udata   0x00001a       data   0x000000
            .idata_user.o      idata   0x00001a       data   0x000000
    .udata_scooter_gpio.o      udata   0x00001a       data   0x000000
    .idata_scooter_gpio.o      idata   0x00001a       data   0x000000
   .udata_scooter_timer.o      udata   0x00001a       data   0x000000
   .idata_scooter_timer.o      idata   0x00001a       data   0x000000
     .udata_scooter_adc.o      udata   0x00001a       data   0x000000
     .idata_scooter_adc.o      idata   0x00001a       data   0x000000
.udata_scooter_interrupts.o      udata   0x00001a       data   0x000000
.idata_scooter_interrupts.o      idata   0x00001a       data   0x000000
     .udata_scooter_pwm.o      udata   0x00001a       data   0x000000
     .idata_scooter_pwm.o      idata   0x00001a       data   0x000000
         .udata_adcbusy.o      udata   0x00001a       data   0x000000
         .idata_adcbusy.o      idata   0x00001a       data   0x000000
        .udata_adcclose.o      udata   0x00001a       data   0x000000
        .idata_adcclose.o      idata   0x00001a       data   0x000000
         .udata_t0close.o      udata   0x00001a       data   0x000000
                   .stack      udata   0x000300       data   0x000100
              SFR_BANKED0      udata   0x000f57       data   0x000007
            SFR_UNBANKED0      udata   0x000f60       data   0x0000a0



                              Program Memory Usage 
                               Start         End      
                           ---------   ---------      
                            0x000000    0x000e55      
                            0x000f88    0x000fa9      
                            0x300006    0x300006      
            3705 out of 33048 program addresses used, program memory utilization is 11%



                              Symbols - Sorted by Name
                     Name    Address   Location    Storage File                     
                ---------  ---------  ---------  --------- ---------                
                  BusyADC   0x000e2a    program     extern E:\c18v3.46\pic18-lt\cxx-framework\src\pmc_common\ADC\adcbusy.c
                 CloseADC   0x000e40    program     extern E:\c18v3.46\pic18-lt\cxx-framework\src\pmc_common\ADC\adcclose.c
              CloseTimer0   0x000e3a    program     extern E:\c18v3.46\pic18-lt\cxx-framework\src\pmc_common\Timers\t0close.c
              CloseTimer1   0x000e34    program     extern E:\c18v3.46\pic18-lt\cxx-framework\src\pmc_common\Timers\t1close.c
      ConfigureOscillator   0x000e4a    program     extern C:\Users\Matt\MPLABXProjects\DevBoardSoftware.X\system.c
               ConvertADC   0x000e46    program     extern E:\c18v3.46\pic18-lt\cxx-framework\src\pmc_common\ADC\adcconv.c
                   D3232S   0x0002e4    program     static E:\c18v3.46\pic18-lt\cxx-framework\src\extended\math\div32s.asm
                D3232SNEG   0x0002f2    program     static E:\c18v3.46\pic18-lt\cxx-framework\src\extended\math\div32s.asm
                 D3232SOK   0x0002ee    program     static E:\c18v3.46\pic18-lt\cxx-framework\src\extended\math\div32s.asm
                D3232SPOS   0x000310    program     static E:\c18v3.46\pic18-lt\cxx-framework\src\extended\math\div32s.asm
                  D3232SX   0x000346    program     static E:\c18v3.46\pic18-lt\cxx-framework\src\extended\math\div32s.asm
                  DA3232S   0x0002ce    program     static E:\c18v3.46\pic18-lt\cxx-framework\src\extended\math\div32s.asm
                  InitApp   0x000006    program     extern C:\Users\Matt\MPLABXProjects\DevBoardSoftware.X\user.c
               OpenRB0INT   0x000c3e    program     extern E:\c18v3.46\pic18-lt\cxx-framework\src\pmc_common\PORTB\rb0open.c
               OpenRB1INT   0x000b9e    program     extern E:\c18v3.46\pic18-lt\cxx-framework\src\pmc_common\PORTB\rb1open.c
               OpenTimer0   0x000c86    program     extern E:\c18v3.46\pic18-lt\cxx-framework\src\pmc_common\Timers\t0open.c
               OpenTimer1   0x000bf0    program     extern E:\c18v3.46\pic18-lt\cxx-framework\src\pmc_common\Timers\t1open.c
                  RESTORE   0x000338    program     static E:\c18v3.46\pic18-lt\cxx-framework\src\extended\math\div32s.asm
                  RESTORE   0x00085a    program     static E:\c18v3.46\pic18-lt\cxx-framework\src\extended\math\div32u.asm
              RETQUOTIENT   0x000328    program     static E:\c18v3.46\pic18-lt\cxx-framework\src\extended\math\div32s.asm
              RETQUOTIENT   0x00084a    program     static E:\c18v3.46\pic18-lt\cxx-framework\src\extended\math\div32u.asm
                  ReadADC   0x000dfc    program     extern E:\c18v3.46\pic18-lt\cxx-framework\src\pmc_common\ADC\adcread.c
               ReadTimer1   0x000cec    program     extern E:\c18v3.46\pic18-lt\cxx-framework\src\pmc_common\Timers\t1read.c
                  SETSIGN   0x0002b4    program     static E:\c18v3.46\pic18-lt\cxx-framework\src\extended\math\div32s.asm
                 SETUPSTK   0x000294    program     static E:\c18v3.46\pic18-lt\cxx-framework\src\extended\math\div32s.asm
                 SETUPSTK   0x0007c4    program     static E:\c18v3.46\pic18-lt\cxx-framework\src\extended\math\div32u.asm
           SelChanConvADC   0x000d4c    program     extern E:\c18v3.46\pic18-lt\cxx-framework\src\pmc_common\ADC\adcselchconv.c
               SetChanADC   0x000d7c    program     extern E:\c18v3.46\pic18-lt\cxx-framework\src\pmc_common\ADC\adcsetch.c
              WriteTimer1   0x000cbc    program     extern E:\c18v3.46\pic18-lt\cxx-framework\src\pmc_common\Timers\t1write.c
              __FpCompare   0x00041c    program     extern E:\c18v3.46\pic18-lt\cxx-framework\src\extended\math\compFP.asm
                 __FpPack   0x0000aa    program     extern E:\c18v3.46\pic18-lt\cxx-framework\src\extended\math\packFP.asm
            __FpReturnNaN   0x00012c    program     extern E:\c18v3.46\pic18-lt\cxx-framework\src\extended\math\packFP.asm
         __FpReturnNegInf   0x00013e    program     extern E:\c18v3.46\pic18-lt\cxx-framework\src\extended\math\packFP.asm
        __FpReturnNegZero   0x000156    program     extern E:\c18v3.46\pic18-lt\cxx-framework\src\extended\math\packFP.asm
         __FpReturnPosInf   0x000144    program     extern E:\c18v3.46\pic18-lt\cxx-framework\src\extended\math\packFP.asm
        __FpReturnPosZero   0x00015e    program     extern E:\c18v3.46\pic18-lt\cxx-framework\src\extended\math\packFP.asm
        __FpReturnSignInf   0x00013a    program     extern E:\c18v3.46\pic18-lt\cxx-framework\src\extended\math\packFP.asm
       __FpReturnSignZero   0x000152    program     extern E:\c18v3.46\pic18-lt\cxx-framework\src\extended\math\packFP.asm
              __FpReturnW   0x000102    program     extern E:\c18v3.46\pic18-lt\cxx-framework\src\extended\math\packFP.asm
              __FpUnPackA   0x000238    program     extern E:\c18v3.46\pic18-lt\cxx-framework\src\extended\math\unpackFP.asm
              __FpUnPackB   0x000268    program     extern E:\c18v3.46\pic18-lt\cxx-framework\src\extended\math\unpackFP.asm
       ___return_lbl00000   0x000004    program     static                          
       ___return_lbl00001   0x000de2    program     static                          
       ___return_lbl00002   0x000b20    program     static                          
                  __addFP   0x00067e    program     extern E:\c18v3.46\pic18-lt\cxx-framework\src\extended\math\addFP.asm
              __cast16sFP   0x00006c    program     extern E:\c18v3.46\pic18-lt\cxx-framework\src\extended\math\cast16FP.asm
              __cast16uFP   0x000068    program     extern E:\c18v3.46\pic18-lt\cxx-framework\src\extended\math\cast16FP.asm
              __cast32sFP   0x000168    program     extern E:\c18v3.46\pic18-lt\cxx-framework\src\extended\math\cast32FP.asm
              __cast32uFP   0x000164    program     extern E:\c18v3.46\pic18-lt\cxx-framework\src\extended\math\cast32FP.asm
               __castFP16   0x0001b2    program     extern E:\c18v3.46\pic18-lt\cxx-framework\src\extended\math\castFP16.asm
               __config_0   0x300006    program     static C:\Users\Matt\MPLABXProjects\DevBoardSoftware.X\main.c
                 __div32s   0x0002ac    program     extern E:\c18v3.46\pic18-lt\cxx-framework\src\extended\math\div32s.asm
                 __div32u   0x0007dc    program     extern E:\c18v3.46\pic18-lt\cxx-framework\src\extended\math\div32u.asm
                  __divFP   0x000350    program     extern E:\c18v3.46\pic18-lt\cxx-framework\src\extended\math\divFP.asm
                   __gtFP   0x00040a    program     extern E:\c18v3.46\pic18-lt\cxx-framework\src\extended\math\gtFP.asm
                   __init   0x000e4c    program     extern E:\c18v3.46\pic18-lt\cxx-framework\src\extended\stdclib\__init.c
                 __mod32s   0x0002b2    program     extern E:\c18v3.46\pic18-lt\cxx-framework\src\extended\math\div32s.asm
                 __mod32u   0x0007e2    program     extern E:\c18v3.46\pic18-lt\cxx-framework\src\extended\math\div32u.asm
                  __mul32   0x0004ea    program     extern E:\c18v3.46\pic18-lt\cxx-framework\src\extended\math\mul32.asm
                  __mulFP   0x00058c    program     extern E:\c18v3.46\pic18-lt\cxx-framework\src\extended\math\mulFP.asm
                   __pa_0   0x000a4a    program     static C:\Users\Matt\MPLABXProjects\DevBoardSoftware.X\scooter_gpio.c
                   __pa_0   0x000970    program     static C:\Users\Matt\MPLABXProjects\DevBoardSoftware.X\scooter_timer.c
                   __pa_1   0x000a64    program     static C:\Users\Matt\MPLABXProjects\DevBoardSoftware.X\scooter_gpio.c
                   __pa_1   0x000982    program     static C:\Users\Matt\MPLABXProjects\DevBoardSoftware.X\scooter_timer.c
                   __pa_2   0x000a74    program     static C:\Users\Matt\MPLABXProjects\DevBoardSoftware.X\scooter_gpio.c
                   __pa_3   0x000a7c    program     static C:\Users\Matt\MPLABXProjects\DevBoardSoftware.X\scooter_gpio.c
                  __subFP   0x00067a    program     extern E:\c18v3.46\pic18-lt\cxx-framework\src\extended\math\addFP.asm
            __zero_memory   0x000daa    program     extern E:\c18v3.46\pic18-lt\cxx-framework\src\extended\proc\p18f25k50.asm
                _do_cinit   0x000a84    program     extern E:\c18v3.46\pic18-lt\cxx-framework\src\extended\startup\c018i_e.c
            _early32uexit   0x0007e6    program     extern E:\c18v3.46\pic18-lt\cxx-framework\src\extended\math\div32u.asm
                   _entry   0x000000    program     extern E:\c18v3.46\pic18-lt\cxx-framework\src\extended\startup\c018i_e.c
                   _false   0x00082a    program     static E:\c18v3.46\pic18-lt\cxx-framework\src\extended\math\div32u.asm
                 _startup   0x000dca    program     extern E:\c18v3.46\pic18-lt\cxx-framework\src\extended\startup\c018i_e.c
               adc_deinit   0x000b38    program     extern C:\Users\Matt\MPLABXProjects\DevBoardSoftware.X\scooter_adc.c
                  adc_get   0x000b3c    program     extern C:\Users\Matt\MPLABXProjects\DevBoardSoftware.X\scooter_adc.c
                 adc_init   0x000b22    program     extern C:\Users\Matt\MPLABXProjects\DevBoardSoftware.X\scooter_adc.c
                compare_l   0x000dc0    program     static E:\c18v3.46\pic18-lt\cxx-framework\src\extended\proc\p18f25k50.asm
                copy_loop   0x000af6    program     static                          
            copy_one_byte   0x000afc    program     static                          
               deinit_all   0x000d3c    program     extern C:\Users\Matt\MPLABXProjects\DevBoardSoftware.X\main.c
                divmod32u   0x0007e8    program     static E:\c18v3.46\pic18-lt\cxx-framework\src\extended\math\div32u.asm
                     done   0x000b20    program     static                          
             done_copying   0x000b0a    program     static                          
              gpio_deinit   0x0009a4    program     extern C:\Users\Matt\MPLABXProjects\DevBoardSoftware.X\scooter_gpio.c
                gpio_init   0x000994    program     extern C:\Users\Matt\MPLABXProjects\DevBoardSoftware.X\scooter_gpio.c
                 gpio_off   0x0009d4    program     extern C:\Users\Matt\MPLABXProjects\DevBoardSoftware.X\scooter_gpio.c
                  gpio_on   0x0009ae    program     extern C:\Users\Matt\MPLABXProjects\DevBoardSoftware.X\scooter_gpio.c
                gpio_read   0x000a26    program     extern C:\Users\Matt\MPLABXProjects\DevBoardSoftware.X\scooter_gpio.c
              gpio_toggle   0x000a00    program     extern C:\Users\Matt\MPLABXProjects\DevBoardSoftware.X\scooter_gpio.c
                 high_isr   0x000008    program     extern C:\Users\Matt\MPLABXProjects\DevBoardSoftware.X\interrupts.c
                 init_all   0x000d24    program     extern C:\Users\Matt\MPLABXProjects\DevBoardSoftware.X\main.c
          interrupts_init   0x000e14    program     extern C:\Users\Matt\MPLABXProjects\DevBoardSoftware.X\scooter_interrupts.c
                 jANotInf   0x0005be    program     static E:\c18v3.46\pic18-lt\cxx-framework\src\extended\math\mulFP.asm
                 jANotInf   0x0006c0    program     static E:\c18v3.46\pic18-lt\cxx-framework\src\extended\math\addFP.asm
                 jANotNeg   0x000754    program     static E:\c18v3.46\pic18-lt\cxx-framework\src\extended\math\addFP.asm
              jAandWsetup   0x000724    program     static E:\c18v3.46\pic18-lt\cxx-framework\src\extended\math\addFP.asm
                  jAisNeg   0x0004ac    program     static E:\c18v3.46\pic18-lt\cxx-framework\src\extended\math\compFP.asm
                 jAltBexp   0x000712    program     static E:\c18v3.46\pic18-lt\cxx-framework\src\extended\math\addFP.asm
                jBANotInf   0x0006b6    program     static E:\c18v3.46\pic18-lt\cxx-framework\src\extended\math\addFP.asm
                 jBNotInf   0x0006ce    program     static E:\c18v3.46\pic18-lt\cxx-framework\src\extended\math\addFP.asm
                     jBeg   0x00006e    program     static E:\c18v3.46\pic18-lt\cxx-framework\src\extended\math\cast16FP.asm
                     jBeg   0x00016a    program     static E:\c18v3.46\pic18-lt\cxx-framework\src\extended\math\cast32FP.asm
                     jBeg   0x000680    program     static E:\c18v3.46\pic18-lt\cxx-framework\src\extended\math\addFP.asm
              jBothFinite   0x0005cc    program     static E:\c18v3.46\pic18-lt\cxx-framework\src\extended\math\mulFP.asm
             jBothNotZero   0x00044e    program     static E:\c18v3.46\pic18-lt\cxx-framework\src\extended\math\compFP.asm
             jBothNotZero   0x0005d8    program     static E:\c18v3.46\pic18-lt\cxx-framework\src\extended\math\mulFP.asm
            jDifOrPosSign   0x0006e2    program     static E:\c18v3.46\pic18-lt\cxx-framework\src\extended\math\addFP.asm
              jDivANotInf   0x000382    program     static E:\c18v3.46\pic18-lt\cxx-framework\src\extended\math\divFP.asm
             jDivANotZero   0x000396    program     static E:\c18v3.46\pic18-lt\cxx-framework\src\extended\math\divFP.asm
                 jDivLoop   0x0003be    program     static E:\c18v3.46\pic18-lt\cxx-framework\src\extended\math\divFP.asm
                 jDivNext   0x0003e4    program     static E:\c18v3.46\pic18-lt\cxx-framework\src\extended\math\divFP.asm
                    jDone   0x000222    program     static E:\c18v3.46\pic18-lt\cxx-framework\src\extended\math\castFP16.asm
                      jEQ   0x00046a    program     static E:\c18v3.46\pic18-lt\cxx-framework\src\extended\math\compFP.asm
                    jExch   0x000476    program     static E:\c18v3.46\pic18-lt\cxx-framework\src\extended\math\compFP.asm
                    jExit   0x0004da    program     static E:\c18v3.46\pic18-lt\cxx-framework\src\extended\math\compFP.asm
                    jExit   0x00011e    program     static E:\c18v3.46\pic18-lt\cxx-framework\src\extended\math\packFP.asm
                    jExit   0x00022a    program     static E:\c18v3.46\pic18-lt\cxx-framework\src\extended\math\castFP16.asm
                   jExpEQ   0x0004bc    program     static E:\c18v3.46\pic18-lt\cxx-framework\src\extended\math\compFP.asm
                   jFinal   0x0004a0    program     static E:\c18v3.46\pic18-lt\cxx-framework\src\extended\math\compFP.asm
               jFinalSign   0x0007bc    program     static E:\c18v3.46\pic18-lt\cxx-framework\src\extended\math\addFP.asm
                jHaveZero   0x0005d4    program     static E:\c18v3.46\pic18-lt\cxx-framework\src\extended\math\mulFP.asm
                    jLoop   0x000202    program     static E:\c18v3.46\pic18-lt\cxx-framework\src\extended\math\castFP16.asm
                jLoopExit   0x000212    program     static E:\c18v3.46\pic18-lt\cxx-framework\src\extended\math\castFP16.asm
                     jMax   0x0001d6    program     static E:\c18v3.46\pic18-lt\cxx-framework\src\extended\math\castFP16.asm
                  jMaxNeg   0x0001e4    program     static E:\c18v3.46\pic18-lt\cxx-framework\src\extended\math\castFP16.asm
                  jMaxPos   0x0001da    program     static E:\c18v3.46\pic18-lt\cxx-framework\src\extended\math\castFP16.asm
                      jNE   0x00046e    program     static E:\c18v3.46\pic18-lt\cxx-framework\src\extended\math\compFP.asm
                jNoAdjust   0x0003e2    program     static E:\c18v3.46\pic18-lt\cxx-framework\src\extended\math\divFP.asm
                  jNoExch   0x000496    program     static E:\c18v3.46\pic18-lt\cxx-framework\src\extended\math\compFP.asm
             jNotBothZero   0x0006e6    program     static E:\c18v3.46\pic18-lt\cxx-framework\src\extended\math\addFP.asm
                  jNotInf   0x0001f2    program     static E:\c18v3.46\pic18-lt\cxx-framework\src\extended\math\castFP16.asm
                  jNotNeg   0x000198    program     static E:\c18v3.46\pic18-lt\cxx-framework\src\extended\math\cast32FP.asm
                  jNotNeg   0x000094    program     static E:\c18v3.46\pic18-lt\cxx-framework\src\extended\math\cast16FP.asm
                  jPkLoop   0x0000b8    program     static E:\c18v3.46\pic18-lt\cxx-framework\src\extended\math\packFP.asm
             jPkRoundDone   0x000102    program     static E:\c18v3.46\pic18-lt\cxx-framework\src\extended\math\packFP.asm
               jPkRoundIt   0x0000ea    program     static E:\c18v3.46\pic18-lt\cxx-framework\src\extended\math\packFP.asm
             jPkShiftDone   0x0000d4    program     static E:\c18v3.46\pic18-lt\cxx-framework\src\extended\math\packFP.asm
           jReturnPosInf0   0x000148    program     static E:\c18v3.46\pic18-lt\cxx-framework\src\extended\math\packFP.asm
                  jRotate   0x0004c8    program     static E:\c18v3.46\pic18-lt\cxx-framework\src\extended\math\compFP.asm
                   jShift   0x0004b2    program     static E:\c18v3.46\pic18-lt\cxx-framework\src\extended\math\compFP.asm
               jShiftDone   0x00077c    program     static E:\c18v3.46\pic18-lt\cxx-framework\src\extended\math\addFP.asm
               jShiftLoop   0x00076e    program     static E:\c18v3.46\pic18-lt\cxx-framework\src\extended\math\addFP.asm
                jSignDone   0x0007ac    program     static E:\c18v3.46\pic18-lt\cxx-framework\src\extended\math\addFP.asm
                 jSignsEQ   0x000452    program     static E:\c18v3.46\pic18-lt\cxx-framework\src\extended\math\compFP.asm
                  jUnpkA1   0x000242    program     static E:\c18v3.46\pic18-lt\cxx-framework\src\extended\math\unpackFP.asm
                  jUnpkA2   0x00025a    program     static E:\c18v3.46\pic18-lt\cxx-framework\src\extended\math\unpackFP.asm
                 jUnpkANZ   0x000250    program     static E:\c18v3.46\pic18-lt\cxx-framework\src\extended\math\unpackFP.asm
                  jUnpkB1   0x000272    program     static E:\c18v3.46\pic18-lt\cxx-framework\src\extended\math\unpackFP.asm
                  jUnpkB2   0x00028a    program     static E:\c18v3.46\pic18-lt\cxx-framework\src\extended\math\unpackFP.asm
                 jUnpkBNZ   0x000280    program     static E:\c18v3.46\pic18-lt\cxx-framework\src\extended\math\unpackFP.asm
                 jUnpkNaN   0x000264    program     static E:\c18v3.46\pic18-lt\cxx-framework\src\extended\math\unpackFP.asm
                 jWNotNeg   0x000768    program     static E:\c18v3.46\pic18-lt\cxx-framework\src\extended\math\addFP.asm
                    jZero   0x0001ec    program     static E:\c18v3.46\pic18-lt\cxx-framework\src\extended\math\castFP16.asm
               jZero1and2   0x00014c    program     static E:\c18v3.46\pic18-lt\cxx-framework\src\extended\math\packFP.asm
                     loop   0x000dd8    program     static                          
                     loop   0x0007f6    program     static E:\c18v3.46\pic18-lt\cxx-framework\src\extended\math\div32u.asm
                   loop_h   0x000db8    program     static E:\c18v3.46\pic18-lt\cxx-framework\src\extended\proc\p18f25k50.asm
                   loop_l   0x000dc2    program     static E:\c18v3.46\pic18-lt\cxx-framework\src\extended\proc\p18f25k50.asm
                  low_isr   0x000f88    program     extern C:\Users\Matt\MPLABXProjects\DevBoardSoftware.X\interrupts.c
                     main   0x000d1c    program     extern C:\Users\Matt\MPLABXProjects\DevBoardSoftware.X\main.c
               pwm_deinit   0x000dfa    program     extern C:\Users\Matt\MPLABXProjects\DevBoardSoftware.X\scooter_pwm.c
                 pwm_init   0x000de4    program     extern C:\Users\Matt\MPLABXProjects\DevBoardSoftware.X\scooter_pwm.c
                     test   0x000a9e    program     static                          
             timer_deinit   0x00088a    program     extern C:\Users\Matt\MPLABXProjects\DevBoardSoftware.X\scooter_timer.c
              timer_delay   0x0008a4    program     extern C:\Users\Matt\MPLABXProjects\DevBoardSoftware.X\scooter_timer.c
           timer_delay_ms   0x0008d0    program     extern C:\Users\Matt\MPLABXProjects\DevBoardSoftware.X\scooter_timer.c
               timer_init   0x000868    program     extern C:\Users\Matt\MPLABXProjects\DevBoardSoftware.X\scooter_timer.c
               zero_block   0x000db8    program     static E:\c18v3.46\pic18-lt\cxx-framework\src\extended\proc\p18f25k50.asm
                   ACTCON   0x000fb5       data     extern E:\c18v3.46\pic18-lt\cxx-framework\src\extended\proc\p18f25k50.asm
               ACTCONbits   0x000fb5       data     extern E:\c18v3.46\pic18-lt\cxx-framework\src\extended\proc\p18f25k50.asm
                   ADCON0   0x000fc2       data     extern E:\c18v3.46\pic18-lt\cxx-framework\src\extended\proc\p18f25k50.asm
               ADCON0bits   0x000fc2       data     extern E:\c18v3.46\pic18-lt\cxx-framework\src\extended\proc\p18f25k50.asm
                   ADCON1   0x000fc1       data     extern E:\c18v3.46\pic18-lt\cxx-framework\src\extended\proc\p18f25k50.asm
               ADCON1bits   0x000fc1       data     extern E:\c18v3.46\pic18-lt\cxx-framework\src\extended\proc\p18f25k50.asm
                   ADCON2   0x000fc0       data     extern E:\c18v3.46\pic18-lt\cxx-framework\src\extended\proc\p18f25k50.asm
               ADCON2bits   0x000fc0       data     extern E:\c18v3.46\pic18-lt\cxx-framework\src\extended\proc\p18f25k50.asm
                   ADRESH   0x000fc4       data     extern E:\c18v3.46\pic18-lt\cxx-framework\src\extended\proc\p18f25k50.asm
                   ADRESL   0x000fc3       data     extern E:\c18v3.46\pic18-lt\cxx-framework\src\extended\proc\p18f25k50.asm
                   ANSELA   0x000f5b       data     extern E:\c18v3.46\pic18-lt\cxx-framework\src\extended\proc\p18f25k50.asm
               ANSELAbits   0x000f5b       data     extern E:\c18v3.46\pic18-lt\cxx-framework\src\extended\proc\p18f25k50.asm
                   ANSELB   0x000f5c       data     extern E:\c18v3.46\pic18-lt\cxx-framework\src\extended\proc\p18f25k50.asm
               ANSELBbits   0x000f5c       data     extern E:\c18v3.46\pic18-lt\cxx-framework\src\extended\proc\p18f25k50.asm
                   ANSELC   0x000f5d       data     extern E:\c18v3.46\pic18-lt\cxx-framework\src\extended\proc\p18f25k50.asm
               ANSELCbits   0x000f5d       data     extern E:\c18v3.46\pic18-lt\cxx-framework\src\extended\proc\p18f25k50.asm
                  BAUDCON   0x000fb8       data     extern E:\c18v3.46\pic18-lt\cxx-framework\src\extended\proc\p18f25k50.asm
                 BAUDCON1   0x000fb8       data     extern E:\c18v3.46\pic18-lt\cxx-framework\src\extended\proc\p18f25k50.asm
             BAUDCON1bits   0x000fb8       data     extern E:\c18v3.46\pic18-lt\cxx-framework\src\extended\proc\p18f25k50.asm
              BAUDCONbits   0x000fb8       data     extern E:\c18v3.46\pic18-lt\cxx-framework\src\extended\proc\p18f25k50.asm
                      BSR   0x000fe0       data     extern E:\c18v3.46\pic18-lt\cxx-framework\src\extended\proc\p18f25k50.asm
                  CCP1CON   0x000fbd       data     extern E:\c18v3.46\pic18-lt\cxx-framework\src\extended\proc\p18f25k50.asm
              CCP1CONbits   0x000fbd       data     extern E:\c18v3.46\pic18-lt\cxx-framework\src\extended\proc\p18f25k50.asm
                  CCP2CON   0x000f97       data     extern E:\c18v3.46\pic18-lt\cxx-framework\src\extended\proc\p18f25k50.asm
              CCP2CONbits   0x000f97       data     extern E:\c18v3.46\pic18-lt\cxx-framework\src\extended\proc\p18f25k50.asm
                    CCPR1   0x000fbe       data     extern E:\c18v3.46\pic18-lt\cxx-framework\src\extended\proc\p18f25k50.asm
                   CCPR1H   0x000fbf       data     extern E:\c18v3.46\pic18-lt\cxx-framework\src\extended\proc\p18f25k50.asm
                   CCPR1L   0x000fbe       data     extern E:\c18v3.46\pic18-lt\cxx-framework\src\extended\proc\p18f25k50.asm
                    CCPR2   0x000f90       data     extern E:\c18v3.46\pic18-lt\cxx-framework\src\extended\proc\p18f25k50.asm
                   CCPR2H   0x000f91       data     extern E:\c18v3.46\pic18-lt\cxx-framework\src\extended\proc\p18f25k50.asm
                   CCPR2L   0x000f90       data     extern E:\c18v3.46\pic18-lt\cxx-framework\src\extended\proc\p18f25k50.asm
                  CCPTMRS   0x000f59       data     extern E:\c18v3.46\pic18-lt\cxx-framework\src\extended\proc\p18f25k50.asm
              CCPTMRSbits   0x000f59       data     extern E:\c18v3.46\pic18-lt\cxx-framework\src\extended\proc\p18f25k50.asm
                  CM1CON0   0x000f98       data     extern E:\c18v3.46\pic18-lt\cxx-framework\src\extended\proc\p18f25k50.asm
              CM1CON0bits   0x000f98       data     extern E:\c18v3.46\pic18-lt\cxx-framework\src\extended\proc\p18f25k50.asm
                  CM2CON0   0x000f99       data     extern E:\c18v3.46\pic18-lt\cxx-framework\src\extended\proc\p18f25k50.asm
              CM2CON0bits   0x000f99       data     extern E:\c18v3.46\pic18-lt\cxx-framework\src\extended\proc\p18f25k50.asm
                  CM2CON1   0x000f9a       data     extern E:\c18v3.46\pic18-lt\cxx-framework\src\extended\proc\p18f25k50.asm
              CM2CON1bits   0x000f9a       data     extern E:\c18v3.46\pic18-lt\cxx-framework\src\extended\proc\p18f25k50.asm
                 CTMUCON0   0x000f8f       data     extern E:\c18v3.46\pic18-lt\cxx-framework\src\extended\proc\p18f25k50.asm
             CTMUCON0bits   0x000f8f       data     extern E:\c18v3.46\pic18-lt\cxx-framework\src\extended\proc\p18f25k50.asm
                 CTMUCON1   0x000f8e       data     extern E:\c18v3.46\pic18-lt\cxx-framework\src\extended\proc\p18f25k50.asm
             CTMUCON1bits   0x000f8e       data     extern E:\c18v3.46\pic18-lt\cxx-framework\src\extended\proc\p18f25k50.asm
                 CTMUCONH   0x000f8f       data     extern E:\c18v3.46\pic18-lt\cxx-framework\src\extended\proc\p18f25k50.asm
             CTMUCONHbits   0x000f8f       data     extern E:\c18v3.46\pic18-lt\cxx-framework\src\extended\proc\p18f25k50.asm
                 CTMUCONL   0x000f8e       data     extern E:\c18v3.46\pic18-lt\cxx-framework\src\extended\proc\p18f25k50.asm
             CTMUCONLbits   0x000f8e       data     extern E:\c18v3.46\pic18-lt\cxx-framework\src\extended\proc\p18f25k50.asm
                 CTMUICON   0x000f88       data     extern E:\c18v3.46\pic18-lt\cxx-framework\src\extended\proc\p18f25k50.asm
             CTMUICONbits   0x000f88       data     extern E:\c18v3.46\pic18-lt\cxx-framework\src\extended\proc\p18f25k50.asm
                     DDRA   0x000f92       data     extern E:\c18v3.46\pic18-lt\cxx-framework\src\extended\proc\p18f25k50.asm
                 DDRAbits   0x000f92       data     extern E:\c18v3.46\pic18-lt\cxx-framework\src\extended\proc\p18f25k50.asm
                     DDRB   0x000f93       data     extern E:\c18v3.46\pic18-lt\cxx-framework\src\extended\proc\p18f25k50.asm
                 DDRBbits   0x000f93       data     extern E:\c18v3.46\pic18-lt\cxx-framework\src\extended\proc\p18f25k50.asm
                     DDRC   0x000f94       data     extern E:\c18v3.46\pic18-lt\cxx-framework\src\extended\proc\p18f25k50.asm
                 DDRCbits   0x000f94       data     extern E:\c18v3.46\pic18-lt\cxx-framework\src\extended\proc\p18f25k50.asm
                  ECCP1AS   0x000fb6       data     extern E:\c18v3.46\pic18-lt\cxx-framework\src\extended\proc\p18f25k50.asm
              ECCP1ASbits   0x000fb6       data     extern E:\c18v3.46\pic18-lt\cxx-framework\src\extended\proc\p18f25k50.asm
                 ECCP1CON   0x000fbd       data     extern E:\c18v3.46\pic18-lt\cxx-framework\src\extended\proc\p18f25k50.asm
             ECCP1CONbits   0x000fbd       data     extern E:\c18v3.46\pic18-lt\cxx-framework\src\extended\proc\p18f25k50.asm
                 ECCP1DEL   0x000fb7       data     extern E:\c18v3.46\pic18-lt\cxx-framework\src\extended\proc\p18f25k50.asm
             ECCP1DELbits   0x000fb7       data     extern E:\c18v3.46\pic18-lt\cxx-framework\src\extended\proc\p18f25k50.asm
                 ECCP2CON   0x000f97       data     extern E:\c18v3.46\pic18-lt\cxx-framework\src\extended\proc\p18f25k50.asm
             ECCP2CONbits   0x000f97       data     extern E:\c18v3.46\pic18-lt\cxx-framework\src\extended\proc\p18f25k50.asm
                    EEADR   0x000fa9       data     extern E:\c18v3.46\pic18-lt\cxx-framework\src\extended\proc\p18f25k50.asm
                   EECON1   0x000fa6       data     extern E:\c18v3.46\pic18-lt\cxx-framework\src\extended\proc\p18f25k50.asm
               EECON1bits   0x000fa6       data     extern E:\c18v3.46\pic18-lt\cxx-framework\src\extended\proc\p18f25k50.asm
                   EECON2   0x000fa7       data     extern E:\c18v3.46\pic18-lt\cxx-framework\src\extended\proc\p18f25k50.asm
                   EEDATA   0x000fa8       data     extern E:\c18v3.46\pic18-lt\cxx-framework\src\extended\proc\p18f25k50.asm
                     FSR0   0x000fe9       data     extern E:\c18v3.46\pic18-lt\cxx-framework\src\extended\proc\p18f25k50.asm
                    FSR0H   0x000fea       data     extern E:\c18v3.46\pic18-lt\cxx-framework\src\extended\proc\p18f25k50.asm
                    FSR0L   0x000fe9       data     extern E:\c18v3.46\pic18-lt\cxx-framework\src\extended\proc\p18f25k50.asm
                     FSR1   0x000fe1       data     extern E:\c18v3.46\pic18-lt\cxx-framework\src\extended\proc\p18f25k50.asm
                    FSR1H   0x000fe2       data     extern E:\c18v3.46\pic18-lt\cxx-framework\src\extended\proc\p18f25k50.asm
                    FSR1L   0x000fe1       data     extern E:\c18v3.46\pic18-lt\cxx-framework\src\extended\proc\p18f25k50.asm
                     FSR2   0x000fd9       data     extern E:\c18v3.46\pic18-lt\cxx-framework\src\extended\proc\p18f25k50.asm
                    FSR2H   0x000fda       data     extern E:\c18v3.46\pic18-lt\cxx-framework\src\extended\proc\p18f25k50.asm
                    FSR2L   0x000fd9       data     extern E:\c18v3.46\pic18-lt\cxx-framework\src\extended\proc\p18f25k50.asm
                  HLVDCON   0x000f9c       data     extern E:\c18v3.46\pic18-lt\cxx-framework\src\extended\proc\p18f25k50.asm
              HLVDCONbits   0x000f9c       data     extern E:\c18v3.46\pic18-lt\cxx-framework\src\extended\proc\p18f25k50.asm
                    INDF0   0x000fef       data     extern E:\c18v3.46\pic18-lt\cxx-framework\src\extended\proc\p18f25k50.asm
                    INDF1   0x000fe7       data     extern E:\c18v3.46\pic18-lt\cxx-framework\src\extended\proc\p18f25k50.asm
                    INDF2   0x000fdf       data     extern E:\c18v3.46\pic18-lt\cxx-framework\src\extended\proc\p18f25k50.asm
                   INTCON   0x000ff2       data     extern E:\c18v3.46\pic18-lt\cxx-framework\src\extended\proc\p18f25k50.asm
                  INTCON2   0x000ff1       data     extern E:\c18v3.46\pic18-lt\cxx-framework\src\extended\proc\p18f25k50.asm
              INTCON2bits   0x000ff1       data     extern E:\c18v3.46\pic18-lt\cxx-framework\src\extended\proc\p18f25k50.asm
                  INTCON3   0x000ff0       data     extern E:\c18v3.46\pic18-lt\cxx-framework\src\extended\proc\p18f25k50.asm
              INTCON3bits   0x000ff0       data     extern E:\c18v3.46\pic18-lt\cxx-framework\src\extended\proc\p18f25k50.asm
               INTCONbits   0x000ff2       data     extern E:\c18v3.46\pic18-lt\cxx-framework\src\extended\proc\p18f25k50.asm
                     IOCB   0x000f86       data     extern E:\c18v3.46\pic18-lt\cxx-framework\src\extended\proc\p18f25k50.asm
                 IOCBbits   0x000f86       data     extern E:\c18v3.46\pic18-lt\cxx-framework\src\extended\proc\p18f25k50.asm
                     IOCC   0x000f87       data     extern E:\c18v3.46\pic18-lt\cxx-framework\src\extended\proc\p18f25k50.asm
                 IOCCbits   0x000f87       data     extern E:\c18v3.46\pic18-lt\cxx-framework\src\extended\proc\p18f25k50.asm
                     IPR1   0x000f9f       data     extern E:\c18v3.46\pic18-lt\cxx-framework\src\extended\proc\p18f25k50.asm
                 IPR1bits   0x000f9f       data     extern E:\c18v3.46\pic18-lt\cxx-framework\src\extended\proc\p18f25k50.asm
                     IPR2   0x000fa2       data     extern E:\c18v3.46\pic18-lt\cxx-framework\src\extended\proc\p18f25k50.asm
                 IPR2bits   0x000fa2       data     extern E:\c18v3.46\pic18-lt\cxx-framework\src\extended\proc\p18f25k50.asm
                     IPR3   0x000fa5       data     extern E:\c18v3.46\pic18-lt\cxx-framework\src\extended\proc\p18f25k50.asm
                 IPR3bits   0x000fa5       data     extern E:\c18v3.46\pic18-lt\cxx-framework\src\extended\proc\p18f25k50.asm
                     LATA   0x000f89       data     extern E:\c18v3.46\pic18-lt\cxx-framework\src\extended\proc\p18f25k50.asm
                 LATAbits   0x000f89       data     extern E:\c18v3.46\pic18-lt\cxx-framework\src\extended\proc\p18f25k50.asm
                     LATB   0x000f8a       data     extern E:\c18v3.46\pic18-lt\cxx-framework\src\extended\proc\p18f25k50.asm
                 LATBbits   0x000f8a       data     extern E:\c18v3.46\pic18-lt\cxx-framework\src\extended\proc\p18f25k50.asm
                     LATC   0x000f8b       data     extern E:\c18v3.46\pic18-lt\cxx-framework\src\extended\proc\p18f25k50.asm
                 LATCbits   0x000f8b       data     extern E:\c18v3.46\pic18-lt\cxx-framework\src\extended\proc\p18f25k50.asm
                   OSCCON   0x000fd3       data     extern E:\c18v3.46\pic18-lt\cxx-framework\src\extended\proc\p18f25k50.asm
                  OSCCON2   0x000fd2       data     extern E:\c18v3.46\pic18-lt\cxx-framework\src\extended\proc\p18f25k50.asm
              OSCCON2bits   0x000fd2       data     extern E:\c18v3.46\pic18-lt\cxx-framework\src\extended\proc\p18f25k50.asm
               OSCCONbits   0x000fd3       data     extern E:\c18v3.46\pic18-lt\cxx-framework\src\extended\proc\p18f25k50.asm
                  OSCTUNE   0x000f9b       data     extern E:\c18v3.46\pic18-lt\cxx-framework\src\extended\proc\p18f25k50.asm
              OSCTUNEbits   0x000f9b       data     extern E:\c18v3.46\pic18-lt\cxx-framework\src\extended\proc\p18f25k50.asm
                       PC   0x000ff9       data     extern E:\c18v3.46\pic18-lt\cxx-framework\src\extended\proc\p18f25k50.asm
                      PCL   0x000ff9       data     extern E:\c18v3.46\pic18-lt\cxx-framework\src\extended\proc\p18f25k50.asm
                   PCLATH   0x000ffa       data     extern E:\c18v3.46\pic18-lt\cxx-framework\src\extended\proc\p18f25k50.asm
                   PCLATU   0x000ffb       data     extern E:\c18v3.46\pic18-lt\cxx-framework\src\extended\proc\p18f25k50.asm
                     PIE1   0x000f9d       data     extern E:\c18v3.46\pic18-lt\cxx-framework\src\extended\proc\p18f25k50.asm
                 PIE1bits   0x000f9d       data     extern E:\c18v3.46\pic18-lt\cxx-framework\src\extended\proc\p18f25k50.asm
                     PIE2   0x000fa0       data     extern E:\c18v3.46\pic18-lt\cxx-framework\src\extended\proc\p18f25k50.asm
                 PIE2bits   0x000fa0       data     extern E:\c18v3.46\pic18-lt\cxx-framework\src\extended\proc\p18f25k50.asm
                     PIE3   0x000fa3       data     extern E:\c18v3.46\pic18-lt\cxx-framework\src\extended\proc\p18f25k50.asm
                 PIE3bits   0x000fa3       data     extern E:\c18v3.46\pic18-lt\cxx-framework\src\extended\proc\p18f25k50.asm
                     PIR1   0x000f9e       data     extern E:\c18v3.46\pic18-lt\cxx-framework\src\extended\proc\p18f25k50.asm
                 PIR1bits   0x000f9e       data     extern E:\c18v3.46\pic18-lt\cxx-framework\src\extended\proc\p18f25k50.asm
                     PIR2   0x000fa1       data     extern E:\c18v3.46\pic18-lt\cxx-framework\src\extended\proc\p18f25k50.asm
                 PIR2bits   0x000fa1       data     extern E:\c18v3.46\pic18-lt\cxx-framework\src\extended\proc\p18f25k50.asm
                     PIR3   0x000fa4       data     extern E:\c18v3.46\pic18-lt\cxx-framework\src\extended\proc\p18f25k50.asm
                 PIR3bits   0x000fa4       data     extern E:\c18v3.46\pic18-lt\cxx-framework\src\extended\proc\p18f25k50.asm
                   PLUSW0   0x000feb       data     extern E:\c18v3.46\pic18-lt\cxx-framework\src\extended\proc\p18f25k50.asm
                   PLUSW1   0x000fe3       data     extern E:\c18v3.46\pic18-lt\cxx-framework\src\extended\proc\p18f25k50.asm
                   PLUSW2   0x000fdb       data     extern E:\c18v3.46\pic18-lt\cxx-framework\src\extended\proc\p18f25k50.asm
                     PMD0   0x000f7e       data     extern E:\c18v3.46\pic18-lt\cxx-framework\src\extended\proc\p18f25k50.asm
                 PMD0bits   0x000f7e       data     extern E:\c18v3.46\pic18-lt\cxx-framework\src\extended\proc\p18f25k50.asm
                     PMD1   0x000f7f       data     extern E:\c18v3.46\pic18-lt\cxx-framework\src\extended\proc\p18f25k50.asm
                 PMD1bits   0x000f7f       data     extern E:\c18v3.46\pic18-lt\cxx-framework\src\extended\proc\p18f25k50.asm
                    PORTA   0x000f80       data     extern E:\c18v3.46\pic18-lt\cxx-framework\src\extended\proc\p18f25k50.asm
                PORTAbits   0x000f80       data     extern E:\c18v3.46\pic18-lt\cxx-framework\src\extended\proc\p18f25k50.asm
                    PORTB   0x000f81       data     extern E:\c18v3.46\pic18-lt\cxx-framework\src\extended\proc\p18f25k50.asm
                PORTBbits   0x000f81       data     extern E:\c18v3.46\pic18-lt\cxx-framework\src\extended\proc\p18f25k50.asm
                    PORTC   0x000f82       data     extern E:\c18v3.46\pic18-lt\cxx-framework\src\extended\proc\p18f25k50.asm
                PORTCbits   0x000f82       data     extern E:\c18v3.46\pic18-lt\cxx-framework\src\extended\proc\p18f25k50.asm
                    PORTE   0x000f84       data     extern E:\c18v3.46\pic18-lt\cxx-framework\src\extended\proc\p18f25k50.asm
                PORTEbits   0x000f84       data     extern E:\c18v3.46\pic18-lt\cxx-framework\src\extended\proc\p18f25k50.asm
                 POSTDEC0   0x000fed       data     extern E:\c18v3.46\pic18-lt\cxx-framework\src\extended\proc\p18f25k50.asm
                 POSTDEC1   0x000fe5       data     extern E:\c18v3.46\pic18-lt\cxx-framework\src\extended\proc\p18f25k50.asm
                 POSTDEC2   0x000fdd       data     extern E:\c18v3.46\pic18-lt\cxx-framework\src\extended\proc\p18f25k50.asm
                 POSTINC0   0x000fee       data     extern E:\c18v3.46\pic18-lt\cxx-framework\src\extended\proc\p18f25k50.asm
                 POSTINC1   0x000fe6       data     extern E:\c18v3.46\pic18-lt\cxx-framework\src\extended\proc\p18f25k50.asm
                 POSTINC2   0x000fde       data     extern E:\c18v3.46\pic18-lt\cxx-framework\src\extended\proc\p18f25k50.asm
                      PR2   0x000fbb       data     extern E:\c18v3.46\pic18-lt\cxx-framework\src\extended\proc\p18f25k50.asm
                  PREINC0   0x000fec       data     extern E:\c18v3.46\pic18-lt\cxx-framework\src\extended\proc\p18f25k50.asm
                  PREINC1   0x000fe4       data     extern E:\c18v3.46\pic18-lt\cxx-framework\src\extended\proc\p18f25k50.asm
                  PREINC2   0x000fdc       data     extern E:\c18v3.46\pic18-lt\cxx-framework\src\extended\proc\p18f25k50.asm
                     PROD   0x000ff3       data     extern E:\c18v3.46\pic18-lt\cxx-framework\src\extended\proc\p18f25k50.asm
                    PRODH   0x000ff4       data     extern E:\c18v3.46\pic18-lt\cxx-framework\src\extended\proc\p18f25k50.asm
                    PRODL   0x000ff3       data     extern E:\c18v3.46\pic18-lt\cxx-framework\src\extended\proc\p18f25k50.asm
                 PSTR1CON   0x000fb9       data     extern E:\c18v3.46\pic18-lt\cxx-framework\src\extended\proc\p18f25k50.asm
             PSTR1CONbits   0x000fb9       data     extern E:\c18v3.46\pic18-lt\cxx-framework\src\extended\proc\p18f25k50.asm
                  PWM1CON   0x000fb7       data     extern E:\c18v3.46\pic18-lt\cxx-framework\src\extended\proc\p18f25k50.asm
              PWM1CONbits   0x000fb7       data     extern E:\c18v3.46\pic18-lt\cxx-framework\src\extended\proc\p18f25k50.asm
                     RCON   0x000fd0       data     extern E:\c18v3.46\pic18-lt\cxx-framework\src\extended\proc\p18f25k50.asm
                 RCONbits   0x000fd0       data     extern E:\c18v3.46\pic18-lt\cxx-framework\src\extended\proc\p18f25k50.asm
                    RCREG   0x000fae       data     extern E:\c18v3.46\pic18-lt\cxx-framework\src\extended\proc\p18f25k50.asm
                   RCREG1   0x000fae       data     extern E:\c18v3.46\pic18-lt\cxx-framework\src\extended\proc\p18f25k50.asm
                    RCSTA   0x000fab       data     extern E:\c18v3.46\pic18-lt\cxx-framework\src\extended\proc\p18f25k50.asm
                   RCSTA1   0x000fab       data     extern E:\c18v3.46\pic18-lt\cxx-framework\src\extended\proc\p18f25k50.asm
               RCSTA1bits   0x000fab       data     extern E:\c18v3.46\pic18-lt\cxx-framework\src\extended\proc\p18f25k50.asm
                RCSTAbits   0x000fab       data     extern E:\c18v3.46\pic18-lt\cxx-framework\src\extended\proc\p18f25k50.asm
                   SLRCON   0x000f7a       data     extern E:\c18v3.46\pic18-lt\cxx-framework\src\extended\proc\p18f25k50.asm
               SLRCONbits   0x000f7a       data     extern E:\c18v3.46\pic18-lt\cxx-framework\src\extended\proc\p18f25k50.asm
                    SPBRG   0x000faf       data     extern E:\c18v3.46\pic18-lt\cxx-framework\src\extended\proc\p18f25k50.asm
                   SPBRG1   0x000faf       data     extern E:\c18v3.46\pic18-lt\cxx-framework\src\extended\proc\p18f25k50.asm
               SPBRG1bits   0x000faf       data     extern E:\c18v3.46\pic18-lt\cxx-framework\src\extended\proc\p18f25k50.asm
                   SPBRGH   0x000fb0       data     extern E:\c18v3.46\pic18-lt\cxx-framework\src\extended\proc\p18f25k50.asm
                  SPBRGH1   0x000fb0       data     extern E:\c18v3.46\pic18-lt\cxx-framework\src\extended\proc\p18f25k50.asm
              SPBRGH1bits   0x000fb0       data     extern E:\c18v3.46\pic18-lt\cxx-framework\src\extended\proc\p18f25k50.asm
               SPBRGHbits   0x000fb0       data     extern E:\c18v3.46\pic18-lt\cxx-framework\src\extended\proc\p18f25k50.asm
                SPBRGbits   0x000faf       data     extern E:\c18v3.46\pic18-lt\cxx-framework\src\extended\proc\p18f25k50.asm
                   SRCON0   0x000f58       data     extern E:\c18v3.46\pic18-lt\cxx-framework\src\extended\proc\p18f25k50.asm
               SRCON0bits   0x000f58       data     extern E:\c18v3.46\pic18-lt\cxx-framework\src\extended\proc\p18f25k50.asm
                   SRCON1   0x000f57       data     extern E:\c18v3.46\pic18-lt\cxx-framework\src\extended\proc\p18f25k50.asm
               SRCON1bits   0x000f57       data     extern E:\c18v3.46\pic18-lt\cxx-framework\src\extended\proc\p18f25k50.asm
                  SSP1ADD   0x000fc8       data     extern E:\c18v3.46\pic18-lt\cxx-framework\src\extended\proc\p18f25k50.asm
              SSP1ADDbits   0x000fc8       data     extern E:\c18v3.46\pic18-lt\cxx-framework\src\extended\proc\p18f25k50.asm
                  SSP1BUF   0x000fc9       data     extern E:\c18v3.46\pic18-lt\cxx-framework\src\extended\proc\p18f25k50.asm
                  SSP1CON   0x000fc6       data     extern E:\c18v3.46\pic18-lt\cxx-framework\src\extended\proc\p18f25k50.asm
                 SSP1CON1   0x000fc6       data     extern E:\c18v3.46\pic18-lt\cxx-framework\src\extended\proc\p18f25k50.asm
             SSP1CON1bits   0x000fc6       data     extern E:\c18v3.46\pic18-lt\cxx-framework\src\extended\proc\p18f25k50.asm
                 SSP1CON2   0x000fc5       data     extern E:\c18v3.46\pic18-lt\cxx-framework\src\extended\proc\p18f25k50.asm
             SSP1CON2bits   0x000fc5       data     extern E:\c18v3.46\pic18-lt\cxx-framework\src\extended\proc\p18f25k50.asm
                 SSP1CON3   0x000fcb       data     extern E:\c18v3.46\pic18-lt\cxx-framework\src\extended\proc\p18f25k50.asm
             SSP1CON3bits   0x000fcb       data     extern E:\c18v3.46\pic18-lt\cxx-framework\src\extended\proc\p18f25k50.asm
              SSP1CONbits   0x000fc6       data     extern E:\c18v3.46\pic18-lt\cxx-framework\src\extended\proc\p18f25k50.asm
                  SSP1MSK   0x000fca       data     extern E:\c18v3.46\pic18-lt\cxx-framework\src\extended\proc\p18f25k50.asm
              SSP1MSKbits   0x000fca       data     extern E:\c18v3.46\pic18-lt\cxx-framework\src\extended\proc\p18f25k50.asm
                 SSP1STAT   0x000fc7       data     extern E:\c18v3.46\pic18-lt\cxx-framework\src\extended\proc\p18f25k50.asm
             SSP1STATbits   0x000fc7       data     extern E:\c18v3.46\pic18-lt\cxx-framework\src\extended\proc\p18f25k50.asm
                   SSPADD   0x000fc8       data     extern E:\c18v3.46\pic18-lt\cxx-framework\src\extended\proc\p18f25k50.asm
               SSPADDbits   0x000fc8       data     extern E:\c18v3.46\pic18-lt\cxx-framework\src\extended\proc\p18f25k50.asm
                   SSPBUF   0x000fc9       data     extern E:\c18v3.46\pic18-lt\cxx-framework\src\extended\proc\p18f25k50.asm
                   SSPCON   0x000fc6       data     extern E:\c18v3.46\pic18-lt\cxx-framework\src\extended\proc\p18f25k50.asm
                  SSPCON2   0x000fc5       data     extern E:\c18v3.46\pic18-lt\cxx-framework\src\extended\proc\p18f25k50.asm
              SSPCON2bits   0x000fc5       data     extern E:\c18v3.46\pic18-lt\cxx-framework\src\extended\proc\p18f25k50.asm
                  SSPCON3   0x000fcb       data     extern E:\c18v3.46\pic18-lt\cxx-framework\src\extended\proc\p18f25k50.asm
              SSPCON3bits   0x000fcb       data     extern E:\c18v3.46\pic18-lt\cxx-framework\src\extended\proc\p18f25k50.asm
               SSPCONbits   0x000fc6       data     extern E:\c18v3.46\pic18-lt\cxx-framework\src\extended\proc\p18f25k50.asm
                   SSPMSK   0x000fca       data     extern E:\c18v3.46\pic18-lt\cxx-framework\src\extended\proc\p18f25k50.asm
               SSPMSKbits   0x000fca       data     extern E:\c18v3.46\pic18-lt\cxx-framework\src\extended\proc\p18f25k50.asm
                  SSPSTAT   0x000fc7       data     extern E:\c18v3.46\pic18-lt\cxx-framework\src\extended\proc\p18f25k50.asm
              SSPSTATbits   0x000fc7       data     extern E:\c18v3.46\pic18-lt\cxx-framework\src\extended\proc\p18f25k50.asm
                   STATUS   0x000fd8       data     extern E:\c18v3.46\pic18-lt\cxx-framework\src\extended\proc\p18f25k50.asm
               STATUSbits   0x000fd8       data     extern E:\c18v3.46\pic18-lt\cxx-framework\src\extended\proc\p18f25k50.asm
                    STCON   0x000fb5       data     extern E:\c18v3.46\pic18-lt\cxx-framework\src\extended\proc\p18f25k50.asm
                STCONbits   0x000fb5       data     extern E:\c18v3.46\pic18-lt\cxx-framework\src\extended\proc\p18f25k50.asm
                   STKPTR   0x000ffc       data     extern E:\c18v3.46\pic18-lt\cxx-framework\src\extended\proc\p18f25k50.asm
               STKPTRbits   0x000ffc       data     extern E:\c18v3.46\pic18-lt\cxx-framework\src\extended\proc\p18f25k50.asm
                    T0CON   0x000fd5       data     extern E:\c18v3.46\pic18-lt\cxx-framework\src\extended\proc\p18f25k50.asm
                T0CONbits   0x000fd5       data     extern E:\c18v3.46\pic18-lt\cxx-framework\src\extended\proc\p18f25k50.asm
                    T1CON   0x000fcd       data     extern E:\c18v3.46\pic18-lt\cxx-framework\src\extended\proc\p18f25k50.asm
                T1CONbits   0x000fcd       data     extern E:\c18v3.46\pic18-lt\cxx-framework\src\extended\proc\p18f25k50.asm
                   T1GCON   0x000fcc       data     extern E:\c18v3.46\pic18-lt\cxx-framework\src\extended\proc\p18f25k50.asm
               T1GCONbits   0x000fcc       data     extern E:\c18v3.46\pic18-lt\cxx-framework\src\extended\proc\p18f25k50.asm
                    T2CON   0x000fba       data     extern E:\c18v3.46\pic18-lt\cxx-framework\src\extended\proc\p18f25k50.asm
                T2CONbits   0x000fba       data     extern E:\c18v3.46\pic18-lt\cxx-framework\src\extended\proc\p18f25k50.asm
                    T3CON   0x000fb1       data     extern E:\c18v3.46\pic18-lt\cxx-framework\src\extended\proc\p18f25k50.asm
                T3CONbits   0x000fb1       data     extern E:\c18v3.46\pic18-lt\cxx-framework\src\extended\proc\p18f25k50.asm
                   T3GCON   0x000fb4       data     extern E:\c18v3.46\pic18-lt\cxx-framework\src\extended\proc\p18f25k50.asm
               T3GCONbits   0x000fb4       data     extern E:\c18v3.46\pic18-lt\cxx-framework\src\extended\proc\p18f25k50.asm
                   TABLAT   0x000ff5       data     extern E:\c18v3.46\pic18-lt\cxx-framework\src\extended\proc\p18f25k50.asm
                   TBLPTR   0x000ff6       data     extern E:\c18v3.46\pic18-lt\cxx-framework\src\extended\proc\p18f25k50.asm
                  TBLPTRH   0x000ff7       data     extern E:\c18v3.46\pic18-lt\cxx-framework\src\extended\proc\p18f25k50.asm
                  TBLPTRL   0x000ff6       data     extern E:\c18v3.46\pic18-lt\cxx-framework\src\extended\proc\p18f25k50.asm
                  TBLPTRU   0x000ff8       data     extern E:\c18v3.46\pic18-lt\cxx-framework\src\extended\proc\p18f25k50.asm
                    TMR0H   0x000fd7       data     extern E:\c18v3.46\pic18-lt\cxx-framework\src\extended\proc\p18f25k50.asm
                    TMR0L   0x000fd6       data     extern E:\c18v3.46\pic18-lt\cxx-framework\src\extended\proc\p18f25k50.asm
                    TMR1H   0x000fcf       data     extern E:\c18v3.46\pic18-lt\cxx-framework\src\extended\proc\p18f25k50.asm
                    TMR1L   0x000fce       data     extern E:\c18v3.46\pic18-lt\cxx-framework\src\extended\proc\p18f25k50.asm
                     TMR2   0x000fbc       data     extern E:\c18v3.46\pic18-lt\cxx-framework\src\extended\proc\p18f25k50.asm
                    TMR3H   0x000fb3       data     extern E:\c18v3.46\pic18-lt\cxx-framework\src\extended\proc\p18f25k50.asm
                    TMR3L   0x000fb2       data     extern E:\c18v3.46\pic18-lt\cxx-framework\src\extended\proc\p18f25k50.asm
                      TOS   0x000ffd       data     extern E:\c18v3.46\pic18-lt\cxx-framework\src\extended\proc\p18f25k50.asm
                     TOSH   0x000ffe       data     extern E:\c18v3.46\pic18-lt\cxx-framework\src\extended\proc\p18f25k50.asm
                     TOSL   0x000ffd       data     extern E:\c18v3.46\pic18-lt\cxx-framework\src\extended\proc\p18f25k50.asm
                     TOSU   0x000fff       data     extern E:\c18v3.46\pic18-lt\cxx-framework\src\extended\proc\p18f25k50.asm
                    TRISA   0x000f92       data     extern E:\c18v3.46\pic18-lt\cxx-framework\src\extended\proc\p18f25k50.asm
                TRISAbits   0x000f92       data     extern E:\c18v3.46\pic18-lt\cxx-framework\src\extended\proc\p18f25k50.asm
                    TRISB   0x000f93       data     extern E:\c18v3.46\pic18-lt\cxx-framework\src\extended\proc\p18f25k50.asm
                TRISBbits   0x000f93       data     extern E:\c18v3.46\pic18-lt\cxx-framework\src\extended\proc\p18f25k50.asm
                    TRISC   0x000f94       data     extern E:\c18v3.46\pic18-lt\cxx-framework\src\extended\proc\p18f25k50.asm
                TRISCbits   0x000f94       data     extern E:\c18v3.46\pic18-lt\cxx-framework\src\extended\proc\p18f25k50.asm
                    TXREG   0x000fad       data     extern E:\c18v3.46\pic18-lt\cxx-framework\src\extended\proc\p18f25k50.asm
                   TXREG1   0x000fad       data     extern E:\c18v3.46\pic18-lt\cxx-framework\src\extended\proc\p18f25k50.asm
                    TXSTA   0x000fac       data     extern E:\c18v3.46\pic18-lt\cxx-framework\src\extended\proc\p18f25k50.asm
                   TXSTA1   0x000fac       data     extern E:\c18v3.46\pic18-lt\cxx-framework\src\extended\proc\p18f25k50.asm
               TXSTA1bits   0x000fac       data     extern E:\c18v3.46\pic18-lt\cxx-framework\src\extended\proc\p18f25k50.asm
                TXSTAbits   0x000fac       data     extern E:\c18v3.46\pic18-lt\cxx-framework\src\extended\proc\p18f25k50.asm
                    UADDR   0x000f63       data     extern E:\c18v3.46\pic18-lt\cxx-framework\src\extended\proc\p18f25k50.asm
                UADDRbits   0x000f63       data     extern E:\c18v3.46\pic18-lt\cxx-framework\src\extended\proc\p18f25k50.asm
                     UCFG   0x000f62       data     extern E:\c18v3.46\pic18-lt\cxx-framework\src\extended\proc\p18f25k50.asm
                 UCFGbits   0x000f62       data     extern E:\c18v3.46\pic18-lt\cxx-framework\src\extended\proc\p18f25k50.asm
                     UCON   0x000f60       data     extern E:\c18v3.46\pic18-lt\cxx-framework\src\extended\proc\p18f25k50.asm
                 UCONbits   0x000f60       data     extern E:\c18v3.46\pic18-lt\cxx-framework\src\extended\proc\p18f25k50.asm
                     UEIE   0x000f66       data     extern E:\c18v3.46\pic18-lt\cxx-framework\src\extended\proc\p18f25k50.asm
                 UEIEbits   0x000f66       data     extern E:\c18v3.46\pic18-lt\cxx-framework\src\extended\proc\p18f25k50.asm
                     UEIR   0x000f67       data     extern E:\c18v3.46\pic18-lt\cxx-framework\src\extended\proc\p18f25k50.asm
                 UEIRbits   0x000f67       data     extern E:\c18v3.46\pic18-lt\cxx-framework\src\extended\proc\p18f25k50.asm
                     UEP0   0x000f6a       data     extern E:\c18v3.46\pic18-lt\cxx-framework\src\extended\proc\p18f25k50.asm
                 UEP0bits   0x000f6a       data     extern E:\c18v3.46\pic18-lt\cxx-framework\src\extended\proc\p18f25k50.asm
                     UEP1   0x000f6b       data     extern E:\c18v3.46\pic18-lt\cxx-framework\src\extended\proc\p18f25k50.asm
                    UEP10   0x000f74       data     extern E:\c18v3.46\pic18-lt\cxx-framework\src\extended\proc\p18f25k50.asm
                UEP10bits   0x000f74       data     extern E:\c18v3.46\pic18-lt\cxx-framework\src\extended\proc\p18f25k50.asm
                    UEP11   0x000f75       data     extern E:\c18v3.46\pic18-lt\cxx-framework\src\extended\proc\p18f25k50.asm
                UEP11bits   0x000f75       data     extern E:\c18v3.46\pic18-lt\cxx-framework\src\extended\proc\p18f25k50.asm
                    UEP12   0x000f76       data     extern E:\c18v3.46\pic18-lt\cxx-framework\src\extended\proc\p18f25k50.asm
                UEP12bits   0x000f76       data     extern E:\c18v3.46\pic18-lt\cxx-framework\src\extended\proc\p18f25k50.asm
                    UEP13   0x000f77       data     extern E:\c18v3.46\pic18-lt\cxx-framework\src\extended\proc\p18f25k50.asm
                UEP13bits   0x000f77       data     extern E:\c18v3.46\pic18-lt\cxx-framework\src\extended\proc\p18f25k50.asm
                    UEP14   0x000f78       data     extern E:\c18v3.46\pic18-lt\cxx-framework\src\extended\proc\p18f25k50.asm
                UEP14bits   0x000f78       data     extern E:\c18v3.46\pic18-lt\cxx-framework\src\extended\proc\p18f25k50.asm
                    UEP15   0x000f79       data     extern E:\c18v3.46\pic18-lt\cxx-framework\src\extended\proc\p18f25k50.asm
                UEP15bits   0x000f79       data     extern E:\c18v3.46\pic18-lt\cxx-framework\src\extended\proc\p18f25k50.asm
                 UEP1bits   0x000f6b       data     extern E:\c18v3.46\pic18-lt\cxx-framework\src\extended\proc\p18f25k50.asm
                     UEP2   0x000f6c       data     extern E:\c18v3.46\pic18-lt\cxx-framework\src\extended\proc\p18f25k50.asm
                 UEP2bits   0x000f6c       data     extern E:\c18v3.46\pic18-lt\cxx-framework\src\extended\proc\p18f25k50.asm
                     UEP3   0x000f6d       data     extern E:\c18v3.46\pic18-lt\cxx-framework\src\extended\proc\p18f25k50.asm
                 UEP3bits   0x000f6d       data     extern E:\c18v3.46\pic18-lt\cxx-framework\src\extended\proc\p18f25k50.asm
                     UEP4   0x000f6e       data     extern E:\c18v3.46\pic18-lt\cxx-framework\src\extended\proc\p18f25k50.asm
                 UEP4bits   0x000f6e       data     extern E:\c18v3.46\pic18-lt\cxx-framework\src\extended\proc\p18f25k50.asm
                     UEP5   0x000f6f       data     extern E:\c18v3.46\pic18-lt\cxx-framework\src\extended\proc\p18f25k50.asm
                 UEP5bits   0x000f6f       data     extern E:\c18v3.46\pic18-lt\cxx-framework\src\extended\proc\p18f25k50.asm
                     UEP6   0x000f70       data     extern E:\c18v3.46\pic18-lt\cxx-framework\src\extended\proc\p18f25k50.asm
                 UEP6bits   0x000f70       data     extern E:\c18v3.46\pic18-lt\cxx-framework\src\extended\proc\p18f25k50.asm
                     UEP7   0x000f71       data     extern E:\c18v3.46\pic18-lt\cxx-framework\src\extended\proc\p18f25k50.asm
                 UEP7bits   0x000f71       data     extern E:\c18v3.46\pic18-lt\cxx-framework\src\extended\proc\p18f25k50.asm
                     UEP8   0x000f72       data     extern E:\c18v3.46\pic18-lt\cxx-framework\src\extended\proc\p18f25k50.asm
                 UEP8bits   0x000f72       data     extern E:\c18v3.46\pic18-lt\cxx-framework\src\extended\proc\p18f25k50.asm
                     UEP9   0x000f73       data     extern E:\c18v3.46\pic18-lt\cxx-framework\src\extended\proc\p18f25k50.asm
                 UEP9bits   0x000f73       data     extern E:\c18v3.46\pic18-lt\cxx-framework\src\extended\proc\p18f25k50.asm
                     UFRM   0x000f68       data     extern E:\c18v3.46\pic18-lt\cxx-framework\src\extended\proc\p18f25k50.asm
                    UFRMH   0x000f69       data     extern E:\c18v3.46\pic18-lt\cxx-framework\src\extended\proc\p18f25k50.asm
                UFRMHbits   0x000f69       data     extern E:\c18v3.46\pic18-lt\cxx-framework\src\extended\proc\p18f25k50.asm
                    UFRML   0x000f68       data     extern E:\c18v3.46\pic18-lt\cxx-framework\src\extended\proc\p18f25k50.asm
                UFRMLbits   0x000f68       data     extern E:\c18v3.46\pic18-lt\cxx-framework\src\extended\proc\p18f25k50.asm
                      UIE   0x000f64       data     extern E:\c18v3.46\pic18-lt\cxx-framework\src\extended\proc\p18f25k50.asm
                  UIEbits   0x000f64       data     extern E:\c18v3.46\pic18-lt\cxx-framework\src\extended\proc\p18f25k50.asm
                      UIR   0x000f65       data     extern E:\c18v3.46\pic18-lt\cxx-framework\src\extended\proc\p18f25k50.asm
                  UIRbits   0x000f65       data     extern E:\c18v3.46\pic18-lt\cxx-framework\src\extended\proc\p18f25k50.asm
                    USTAT   0x000f61       data     extern E:\c18v3.46\pic18-lt\cxx-framework\src\extended\proc\p18f25k50.asm
                USTATbits   0x000f61       data     extern E:\c18v3.46\pic18-lt\cxx-framework\src\extended\proc\p18f25k50.asm
                 VREFCON0   0x000f7d       data     extern E:\c18v3.46\pic18-lt\cxx-framework\src\extended\proc\p18f25k50.asm
             VREFCON0bits   0x000f7d       data     extern E:\c18v3.46\pic18-lt\cxx-framework\src\extended\proc\p18f25k50.asm
                 VREFCON1   0x000f7c       data     extern E:\c18v3.46\pic18-lt\cxx-framework\src\extended\proc\p18f25k50.asm
             VREFCON1bits   0x000f7c       data     extern E:\c18v3.46\pic18-lt\cxx-framework\src\extended\proc\p18f25k50.asm
                 VREFCON2   0x000f7b       data     extern E:\c18v3.46\pic18-lt\cxx-framework\src\extended\proc\p18f25k50.asm
             VREFCON2bits   0x000f7b       data     extern E:\c18v3.46\pic18-lt\cxx-framework\src\extended\proc\p18f25k50.asm
                  VREGCON   0x000f5a       data     extern E:\c18v3.46\pic18-lt\cxx-framework\src\extended\proc\p18f25k50.asm
              VREGCONbits   0x000f5a       data     extern E:\c18v3.46\pic18-lt\cxx-framework\src\extended\proc\p18f25k50.asm
                   WDTCON   0x000fd1       data     extern E:\c18v3.46\pic18-lt\cxx-framework\src\extended\proc\p18f25k50.asm
               WDTCONbits   0x000fd1       data     extern E:\c18v3.46\pic18-lt\cxx-framework\src\extended\proc\p18f25k50.asm
                     WPUB   0x000f85       data     extern E:\c18v3.46\pic18-lt\cxx-framework\src\extended\proc\p18f25k50.asm
                 WPUBbits   0x000f85       data     extern E:\c18v3.46\pic18-lt\cxx-framework\src\extended\proc\p18f25k50.asm
                     WREG   0x000fe8       data     extern E:\c18v3.46\pic18-lt\cxx-framework\src\extended\proc\p18f25k50.asm
                __RETVAL0   0x000012       data     extern E:\c18v3.46\pic18-lt\cxx-framework\src\extended\math\cmath18.asm
                __RETVAL1   0x000013       data     extern E:\c18v3.46\pic18-lt\cxx-framework\src\extended\math\cmath18.asm
                __RETVAL2   0x000014       data     extern E:\c18v3.46\pic18-lt\cxx-framework\src\extended\math\cmath18.asm
                __RETVAL3   0x000015       data     extern E:\c18v3.46\pic18-lt\cxx-framework\src\extended\math\cmath18.asm
                  __tmp_0   0x000016       data     static C:\Users\Matt\MPLABXProjects\DevBoardSoftware.X\scooter_adc.c
                  __tmp_0   0x000016       data     static C:\Users\Matt\MPLABXProjects\DevBoardSoftware.X\scooter_timer.c
                  __tmp_0   0x000016       data     static E:\c18v3.46\pic18-lt\cxx-framework\src\pmc_common\ADC\adcread.c
                  __tmp_0   0x000016       data     static E:\c18v3.46\pic18-lt\cxx-framework\src\pmc_common\ADC\adcselchconv.c
                  __tmp_0   0x000016       data     static E:\c18v3.46\pic18-lt\cxx-framework\src\pmc_common\ADC\adcsetch.c
                curr_byte   0x000003       data     static E:\c18v3.46\pic18-lt\cxx-framework\src\extended\startup\c018i_e.c
               curr_entry   0x000005       data     static E:\c18v3.46\pic18-lt\cxx-framework\src\extended\startup\c018i_e.c
             current_time   0x00000e       data     extern C:\Users\Matt\MPLABXProjects\DevBoardSoftware.X\main.c
                 data_ptr   0x000007       data     static E:\c18v3.46\pic18-lt\cxx-framework\src\extended\startup\c018i_e.c
              miliseconds   0x00000a       data     extern C:\Users\Matt\MPLABXProjects\DevBoardSoftware.X\main.c
                     prom   0x000000       data     static E:\c18v3.46\pic18-lt\cxx-framework\src\extended\startup\c018i_e.c
                  seconds   0x00000c       data     extern C:\Users\Matt\MPLABXProjects\DevBoardSoftware.X\main.c
                 sleeping   0x000010       data     extern C:\Users\Matt\MPLABXProjects\DevBoardSoftware.X\main.c



                              Symbols - Sorted by Address
                     Name    Address   Location    Storage File                     
                ---------  ---------  ---------  --------- ---------                
                   _entry   0x000000    program     extern E:\c18v3.46\pic18-lt\cxx-framework\src\extended\startup\c018i_e.c
       ___return_lbl00000   0x000004    program     static                          
                  InitApp   0x000006    program     extern C:\Users\Matt\MPLABXProjects\DevBoardSoftware.X\user.c
                 high_isr   0x000008    program     extern C:\Users\Matt\MPLABXProjects\DevBoardSoftware.X\interrupts.c
              __cast16uFP   0x000068    program     extern E:\c18v3.46\pic18-lt\cxx-framework\src\extended\math\cast16FP.asm
              __cast16sFP   0x00006c    program     extern E:\c18v3.46\pic18-lt\cxx-framework\src\extended\math\cast16FP.asm
                     jBeg   0x00006e    program     static E:\c18v3.46\pic18-lt\cxx-framework\src\extended\math\cast16FP.asm
                  jNotNeg   0x000094    program     static E:\c18v3.46\pic18-lt\cxx-framework\src\extended\math\cast16FP.asm
                 __FpPack   0x0000aa    program     extern E:\c18v3.46\pic18-lt\cxx-framework\src\extended\math\packFP.asm
                  jPkLoop   0x0000b8    program     static E:\c18v3.46\pic18-lt\cxx-framework\src\extended\math\packFP.asm
             jPkShiftDone   0x0000d4    program     static E:\c18v3.46\pic18-lt\cxx-framework\src\extended\math\packFP.asm
               jPkRoundIt   0x0000ea    program     static E:\c18v3.46\pic18-lt\cxx-framework\src\extended\math\packFP.asm
              __FpReturnW   0x000102    program     extern E:\c18v3.46\pic18-lt\cxx-framework\src\extended\math\packFP.asm
             jPkRoundDone   0x000102    program     static E:\c18v3.46\pic18-lt\cxx-framework\src\extended\math\packFP.asm
                    jExit   0x00011e    program     static E:\c18v3.46\pic18-lt\cxx-framework\src\extended\math\packFP.asm
            __FpReturnNaN   0x00012c    program     extern E:\c18v3.46\pic18-lt\cxx-framework\src\extended\math\packFP.asm
        __FpReturnSignInf   0x00013a    program     extern E:\c18v3.46\pic18-lt\cxx-framework\src\extended\math\packFP.asm
         __FpReturnNegInf   0x00013e    program     extern E:\c18v3.46\pic18-lt\cxx-framework\src\extended\math\packFP.asm
         __FpReturnPosInf   0x000144    program     extern E:\c18v3.46\pic18-lt\cxx-framework\src\extended\math\packFP.asm
           jReturnPosInf0   0x000148    program     static E:\c18v3.46\pic18-lt\cxx-framework\src\extended\math\packFP.asm
               jZero1and2   0x00014c    program     static E:\c18v3.46\pic18-lt\cxx-framework\src\extended\math\packFP.asm
       __FpReturnSignZero   0x000152    program     extern E:\c18v3.46\pic18-lt\cxx-framework\src\extended\math\packFP.asm
        __FpReturnNegZero   0x000156    program     extern E:\c18v3.46\pic18-lt\cxx-framework\src\extended\math\packFP.asm
        __FpReturnPosZero   0x00015e    program     extern E:\c18v3.46\pic18-lt\cxx-framework\src\extended\math\packFP.asm
              __cast32uFP   0x000164    program     extern E:\c18v3.46\pic18-lt\cxx-framework\src\extended\math\cast32FP.asm
              __cast32sFP   0x000168    program     extern E:\c18v3.46\pic18-lt\cxx-framework\src\extended\math\cast32FP.asm
                     jBeg   0x00016a    program     static E:\c18v3.46\pic18-lt\cxx-framework\src\extended\math\cast32FP.asm
                  jNotNeg   0x000198    program     static E:\c18v3.46\pic18-lt\cxx-framework\src\extended\math\cast32FP.asm
               __castFP16   0x0001b2    program     extern E:\c18v3.46\pic18-lt\cxx-framework\src\extended\math\castFP16.asm
                     jMax   0x0001d6    program     static E:\c18v3.46\pic18-lt\cxx-framework\src\extended\math\castFP16.asm
                  jMaxPos   0x0001da    program     static E:\c18v3.46\pic18-lt\cxx-framework\src\extended\math\castFP16.asm
                  jMaxNeg   0x0001e4    program     static E:\c18v3.46\pic18-lt\cxx-framework\src\extended\math\castFP16.asm
                    jZero   0x0001ec    program     static E:\c18v3.46\pic18-lt\cxx-framework\src\extended\math\castFP16.asm
                  jNotInf   0x0001f2    program     static E:\c18v3.46\pic18-lt\cxx-framework\src\extended\math\castFP16.asm
                    jLoop   0x000202    program     static E:\c18v3.46\pic18-lt\cxx-framework\src\extended\math\castFP16.asm
                jLoopExit   0x000212    program     static E:\c18v3.46\pic18-lt\cxx-framework\src\extended\math\castFP16.asm
                    jDone   0x000222    program     static E:\c18v3.46\pic18-lt\cxx-framework\src\extended\math\castFP16.asm
                    jExit   0x00022a    program     static E:\c18v3.46\pic18-lt\cxx-framework\src\extended\math\castFP16.asm
              __FpUnPackA   0x000238    program     extern E:\c18v3.46\pic18-lt\cxx-framework\src\extended\math\unpackFP.asm
                  jUnpkA1   0x000242    program     static E:\c18v3.46\pic18-lt\cxx-framework\src\extended\math\unpackFP.asm
                 jUnpkANZ   0x000250    program     static E:\c18v3.46\pic18-lt\cxx-framework\src\extended\math\unpackFP.asm
                  jUnpkA2   0x00025a    program     static E:\c18v3.46\pic18-lt\cxx-framework\src\extended\math\unpackFP.asm
                 jUnpkNaN   0x000264    program     static E:\c18v3.46\pic18-lt\cxx-framework\src\extended\math\unpackFP.asm
              __FpUnPackB   0x000268    program     extern E:\c18v3.46\pic18-lt\cxx-framework\src\extended\math\unpackFP.asm
                  jUnpkB1   0x000272    program     static E:\c18v3.46\pic18-lt\cxx-framework\src\extended\math\unpackFP.asm
                 jUnpkBNZ   0x000280    program     static E:\c18v3.46\pic18-lt\cxx-framework\src\extended\math\unpackFP.asm
                  jUnpkB2   0x00028a    program     static E:\c18v3.46\pic18-lt\cxx-framework\src\extended\math\unpackFP.asm
                 SETUPSTK   0x000294    program     static E:\c18v3.46\pic18-lt\cxx-framework\src\extended\math\div32s.asm
                 __div32s   0x0002ac    program     extern E:\c18v3.46\pic18-lt\cxx-framework\src\extended\math\div32s.asm
[...]
                   RCSTA1   0x000fab       data     extern E:\c18v3.46\pic18-lt\cxx-framework\src\extended\proc\p18f25k50.asm
               RCSTA1bits   0x000fab       data     extern E:\c18v3.46\pic18-lt\cxx-framework\src\extended\proc\p18f25k50.asm
                RCSTAbits   0x000fab       data     extern E:\c18v3.46\pic18-lt\cxx-framework\src\extended\proc\p18f25k50.asm
               TXSTA1bits   0x000fac       data     extern E:\c18v3.46\pic18-lt\cxx-framework\src\extended\proc\p18f25k50.asm
                TXSTAbits   0x000fac       data     extern E:\c18v3.46\pic18-lt\cxx-framework\src\extended\proc\p18f25k50.asm
                   TXSTA1   0x000fac       data     extern E:\c18v3.46\pic18-lt\cxx-framework\src\extended\proc\p18f25k50.asm
                    TXSTA   0x000fac       data     extern E:\c18v3.46\pic18-lt\cxx-framework\src\extended\proc\p18f25k50.asm
                   TXREG1   0x000fad       data     extern E:\c18v3.46\pic18-lt\cxx-framework\src\extended\proc\p18f25k50.asm
                    TXREG   0x000fad       data     extern E:\c18v3.46\pic18-lt\cxx-framework\src\extended\proc\p18f25k50.asm
                    RCREG   0x000fae       data     extern E:\c18v3.46\pic18-lt\cxx-framework\src\extended\proc\p18f25k50.asm
                   RCREG1   0x000fae       data     extern E:\c18v3.46\pic18-lt\cxx-framework\src\extended\proc\p18f25k50.asm
                SPBRGbits   0x000faf       data     extern E:\c18v3.46\pic18-lt\cxx-framework\src\extended\proc\p18f25k50.asm
               SPBRG1bits   0x000faf       data     extern E:\c18v3.46\pic18-lt\cxx-framework\src\extended\proc\p18f25k50.asm
                    SPBRG   0x000faf       data     extern E:\c18v3.46\pic18-lt\cxx-framework\src\extended\proc\p18f25k50.asm
                   SPBRG1   0x000faf       data     extern E:\c18v3.46\pic18-lt\cxx-framework\src\extended\proc\p18f25k50.asm
               SPBRGHbits   0x000fb0       data     extern E:\c18v3.46\pic18-lt\cxx-framework\src\extended\proc\p18f25k50.asm
              SPBRGH1bits   0x000fb0       data     extern E:\c18v3.46\pic18-lt\cxx-framework\src\extended\proc\p18f25k50.asm
                  SPBRGH1   0x000fb0       data     extern E:\c18v3.46\pic18-lt\cxx-framework\src\extended\proc\p18f25k50.asm
                   SPBRGH   0x000fb0       data     extern E:\c18v3.46\pic18-lt\cxx-framework\src\extended\proc\p18f25k50.asm
                    T3CON   0x000fb1       data     extern E:\c18v3.46\pic18-lt\cxx-framework\src\extended\proc\p18f25k50.asm
                T3CONbits   0x000fb1       data     extern E:\c18v3.46\pic18-lt\cxx-framework\src\extended\proc\p18f25k50.asm
                    TMR3L   0x000fb2       data     extern E:\c18v3.46\pic18-lt\cxx-framework\src\extended\proc\p18f25k50.asm
                    TMR3H   0x000fb3       data     extern E:\c18v3.46\pic18-lt\cxx-framework\src\extended\proc\p18f25k50.asm
               T3GCONbits   0x000fb4       data     extern E:\c18v3.46\pic18-lt\cxx-framework\src\extended\proc\p18f25k50.asm
                   T3GCON   0x000fb4       data     extern E:\c18v3.46\pic18-lt\cxx-framework\src\extended\proc\p18f25k50.asm
                    STCON   0x000fb5       data     extern E:\c18v3.46\pic18-lt\cxx-framework\src\extended\proc\p18f25k50.asm
                STCONbits   0x000fb5       data     extern E:\c18v3.46\pic18-lt\cxx-framework\src\extended\proc\p18f25k50.asm
               ACTCONbits   0x000fb5       data     extern E:\c18v3.46\pic18-lt\cxx-framework\src\extended\proc\p18f25k50.asm
                   ACTCON   0x000fb5       data     extern E:\c18v3.46\pic18-lt\cxx-framework\src\extended\proc\p18f25k50.asm
              ECCP1ASbits   0x000fb6       data     extern E:\c18v3.46\pic18-lt\cxx-framework\src\extended\proc\p18f25k50.asm
                  ECCP1AS   0x000fb6       data     extern E:\c18v3.46\pic18-lt\cxx-framework\src\extended\proc\p18f25k50.asm
              PWM1CONbits   0x000fb7       data     extern E:\c18v3.46\pic18-lt\cxx-framework\src\extended\proc\p18f25k50.asm
                  PWM1CON   0x000fb7       data     extern E:\c18v3.46\pic18-lt\cxx-framework\src\extended\proc\p18f25k50.asm
             ECCP1DELbits   0x000fb7       data     extern E:\c18v3.46\pic18-lt\cxx-framework\src\extended\proc\p18f25k50.asm
                 ECCP1DEL   0x000fb7       data     extern E:\c18v3.46\pic18-lt\cxx-framework\src\extended\proc\p18f25k50.asm
              BAUDCONbits   0x000fb8       data     extern E:\c18v3.46\pic18-lt\cxx-framework\src\extended\proc\p18f25k50.asm
             BAUDCON1bits   0x000fb8       data     extern E:\c18v3.46\pic18-lt\cxx-framework\src\extended\proc\p18f25k50.asm
                 BAUDCON1   0x000fb8       data     extern E:\c18v3.46\pic18-lt\cxx-framework\src\extended\proc\p18f25k50.asm
                  BAUDCON   0x000fb8       data     extern E:\c18v3.46\pic18-lt\cxx-framework\src\extended\proc\p18f25k50.asm
                 PSTR1CON   0x000fb9       data     extern E:\c18v3.46\pic18-lt\cxx-framework\src\extended\proc\p18f25k50.asm
             PSTR1CONbits   0x000fb9       data     extern E:\c18v3.46\pic18-lt\cxx-framework\src\extended\proc\p18f25k50.asm
                    T2CON   0x000fba       data     extern E:\c18v3.46\pic18-lt\cxx-framework\src\extended\proc\p18f25k50.asm
                T2CONbits   0x000fba       data     extern E:\c18v3.46\pic18-lt\cxx-framework\src\extended\proc\p18f25k50.asm
                      PR2   0x000fbb       data     extern E:\c18v3.46\pic18-lt\cxx-framework\src\extended\proc\p18f25k50.asm
                     TMR2   0x000fbc       data     extern E:\c18v3.46\pic18-lt\cxx-framework\src\extended\proc\p18f25k50.asm
              CCP1CONbits   0x000fbd       data     extern E:\c18v3.46\pic18-lt\cxx-framework\src\extended\proc\p18f25k50.asm
                  CCP1CON   0x000fbd       data     extern E:\c18v3.46\pic18-lt\cxx-framework\src\extended\proc\p18f25k50.asm
                 ECCP1CON   0x000fbd       data     extern E:\c18v3.46\pic18-lt\cxx-framework\src\extended\proc\p18f25k50.asm
             ECCP1CONbits   0x000fbd       data     extern E:\c18v3.46\pic18-lt\cxx-framework\src\extended\proc\p18f25k50.asm
                    CCPR1   0x000fbe       data     extern E:\c18v3.46\pic18-lt\cxx-framework\src\extended\proc\p18f25k50.asm
                   CCPR1L   0x000fbe       data     extern E:\c18v3.46\pic18-lt\cxx-framework\src\extended\proc\p18f25k50.asm
                   CCPR1H   0x000fbf       data     extern E:\c18v3.46\pic18-lt\cxx-framework\src\extended\proc\p18f25k50.asm
                   ADCON2   0x000fc0       data     extern E:\c18v3.46\pic18-lt\cxx-framework\src\extended\proc\p18f25k50.asm
               ADCON2bits   0x000fc0       data     extern E:\c18v3.46\pic18-lt\cxx-framework\src\extended\proc\p18f25k50.asm
               ADCON1bits   0x000fc1       data     extern E:\c18v3.46\pic18-lt\cxx-framework\src\extended\proc\p18f25k50.asm
                   ADCON1   0x000fc1       data     extern E:\c18v3.46\pic18-lt\cxx-framework\src\extended\proc\p18f25k50.asm
               ADCON0bits   0x000fc2       data     extern E:\c18v3.46\pic18-lt\cxx-framework\src\extended\proc\p18f25k50.asm
                   ADCON0   0x000fc2       data     extern E:\c18v3.46\pic18-lt\cxx-framework\src\extended\proc\p18f25k50.asm
                   ADRESL   0x000fc3       data     extern E:\c18v3.46\pic18-lt\cxx-framework\src\extended\proc\p18f25k50.asm
                   ADRESH   0x000fc4       data     extern E:\c18v3.46\pic18-lt\cxx-framework\src\extended\proc\p18f25k50.asm
                 SSP1CON2   0x000fc5       data     extern E:\c18v3.46\pic18-lt\cxx-framework\src\extended\proc\p18f25k50.asm
             SSP1CON2bits   0x000fc5       data     extern E:\c18v3.46\pic18-lt\cxx-framework\src\extended\proc\p18f25k50.asm
              SSPCON2bits   0x000fc5       data     extern E:\c18v3.46\pic18-lt\cxx-framework\src\extended\proc\p18f25k50.asm
                  SSPCON2   0x000fc5       data     extern E:\c18v3.46\pic18-lt\cxx-framework\src\extended\proc\p18f25k50.asm
               SSPCONbits   0x000fc6       data     extern E:\c18v3.46\pic18-lt\cxx-framework\src\extended\proc\p18f25k50.asm
                  SSP1CON   0x000fc6       data     extern E:\c18v3.46\pic18-lt\cxx-framework\src\extended\proc\p18f25k50.asm
                   SSPCON   0x000fc6       data     extern E:\c18v3.46\pic18-lt\cxx-framework\src\extended\proc\p18f25k50.asm
                 SSP1CON1   0x000fc6       data     extern E:\c18v3.46\pic18-lt\cxx-framework\src\extended\proc\p18f25k50.asm
             SSP1CON1bits   0x000fc6       data     extern E:\c18v3.46\pic18-lt\cxx-framework\src\extended\proc\p18f25k50.asm
              SSP1CONbits   0x000fc6       data     extern E:\c18v3.46\pic18-lt\cxx-framework\src\extended\proc\p18f25k50.asm
                 SSP1STAT   0x000fc7       data     extern E:\c18v3.46\pic18-lt\cxx-framework\src\extended\proc\p18f25k50.asm
             SSP1STATbits   0x000fc7       data     extern E:\c18v3.46\pic18-lt\cxx-framework\src\extended\proc\p18f25k50.asm
              SSPSTATbits   0x000fc7       data     extern E:\c18v3.46\pic18-lt\cxx-framework\src\extended\proc\p18f25k50.asm
                  SSPSTAT   0x000fc7       data     extern E:\c18v3.46\pic18-lt\cxx-framework\src\extended\proc\p18f25k50.asm
               SSPADDbits   0x000fc8       data     extern E:\c18v3.46\pic18-lt\cxx-framework\src\extended\proc\p18f25k50.asm
                  SSP1ADD   0x000fc8       data     extern E:\c18v3.46\pic18-lt\cxx-framework\src\extended\proc\p18f25k50.asm
              SSP1ADDbits   0x000fc8       data     extern E:\c18v3.46\pic18-lt\cxx-framework\src\extended\proc\p18f25k50.asm
                   SSPADD   0x000fc8       data     extern E:\c18v3.46\pic18-lt\cxx-framework\src\extended\proc\p18f25k50.asm
                  SSP1BUF   0x000fc9       data     extern E:\c18v3.46\pic18-lt\cxx-framework\src\extended\proc\p18f25k50.asm
                   SSPBUF   0x000fc9       data     extern E:\c18v3.46\pic18-lt\cxx-framework\src\extended\proc\p18f25k50.asm
              SSP1MSKbits   0x000fca       data     extern E:\c18v3.46\pic18-lt\cxx-framework\src\extended\proc\p18f25k50.asm
                  SSP1MSK   0x000fca       data     extern E:\c18v3.46\pic18-lt\cxx-framework\src\extended\proc\p18f25k50.asm
               SSPMSKbits   0x000fca       data     extern E:\c18v3.46\pic18-lt\cxx-framework\src\extended\proc\p18f25k50.asm
                   SSPMSK   0x000fca       data     extern E:\c18v3.46\pic18-lt\cxx-framework\src\extended\proc\p18f25k50.asm
                  SSPCON3   0x000fcb       data     extern E:\c18v3.46\pic18-lt\cxx-framework\src\extended\proc\p18f25k50.asm
              SSPCON3bits   0x000fcb       data     extern E:\c18v3.46\pic18-lt\cxx-framework\src\extended\proc\p18f25k50.asm
             SSP1CON3bits   0x000fcb       data     extern E:\c18v3.46\pic18-lt\cxx-framework\src\extended\proc\p18f25k50.asm
                 SSP1CON3   0x000fcb       data     extern E:\c18v3.46\pic18-lt\cxx-framework\src\extended\proc\p18f25k50.asm
               T1GCONbits   0x000fcc       data     extern E:\c18v3.46\pic18-lt\cxx-framework\src\extended\proc\p18f25k50.asm
                   T1GCON   0x000fcc       data     extern E:\c18v3.46\pic18-lt\cxx-framework\src\extended\proc\p18f25k50.asm
                    T1CON   0x000fcd       data     extern E:\c18v3.46\pic18-lt\cxx-framework\src\extended\proc\p18f25k50.asm
                T1CONbits   0x000fcd       data     extern E:\c18v3.46\pic18-lt\cxx-framework\src\extended\proc\p18f25k50.asm
                    TMR1L   0x000fce       data     extern E:\c18v3.46\pic18-lt\cxx-framework\src\extended\proc\p18f25k50.asm
                    TMR1H   0x000fcf       data     extern E:\c18v3.46\pic18-lt\cxx-framework\src\extended\proc\p18f25k50.asm
                     RCON   0x000fd0       data     extern E:\c18v3.46\pic18-lt\cxx-framework\src\extended\proc\p18f25k50.asm
                 RCONbits   0x000fd0       data     extern E:\c18v3.46\pic18-lt\cxx-framework\src\extended\proc\p18f25k50.asm
                   WDTCON   0x000fd1       data     extern E:\c18v3.46\pic18-lt\cxx-framework\src\extended\proc\p18f25k50.asm
               WDTCONbits   0x000fd1       data     extern E:\c18v3.46\pic18-lt\cxx-framework\src\extended\proc\p18f25k50.asm
                  OSCCON2   0x000fd2       data     extern E:\c18v3.46\pic18-lt\cxx-framework\src\extended\proc\p18f25k50.asm
              OSCCON2bits   0x000fd2       data     extern E:\c18v3.46\pic18-lt\cxx-framework\src\extended\proc\p18f25k50.asm
                   OSCCON   0x000fd3       data     extern E:\c18v3.46\pic18-lt\cxx-framework\src\extended\proc\p18f25k50.asm
               OSCCONbits   0x000fd3       data     extern E:\c18v3.46\pic18-lt\cxx-framework\src\extended\proc\p18f25k50.asm
                    T0CON   0x000fd5       data     extern E:\c18v3.46\pic18-lt\cxx-framework\src\extended\proc\p18f25k50.asm
                T0CONbits   0x000fd5       data     extern E:\c18v3.46\pic18-lt\cxx-framework\src\extended\proc\p18f25k50.asm
                    TMR0L   0x000fd6       data     extern E:\c18v3.46\pic18-lt\cxx-framework\src\extended\proc\p18f25k50.asm
                    TMR0H   0x000fd7       data     extern E:\c18v3.46\pic18-lt\cxx-framework\src\extended\proc\p18f25k50.asm
               STATUSbits   0x000fd8       data     extern E:\c18v3.46\pic18-lt\cxx-framework\src\extended\proc\p18f25k50.asm
                   STATUS   0x000fd8       data     extern E:\c18v3.46\pic18-lt\cxx-framework\src\extended\proc\p18f25k50.asm
                     FSR2   0x000fd9       data     extern E:\c18v3.46\pic18-lt\cxx-framework\src\extended\proc\p18f25k50.asm
                    FSR2L   0x000fd9       data     extern E:\c18v3.46\pic18-lt\cxx-framework\src\extended\proc\p18f25k50.asm
                    FSR2H   0x000fda       data     extern E:\c18v3.46\pic18-lt\cxx-framework\src\extended\proc\p18f25k50.asm
                   PLUSW2   0x000fdb       data     extern E:\c18v3.46\pic18-lt\cxx-framework\src\extended\proc\p18f25k50.asm
                  PREINC2   0x000fdc       data     extern E:\c18v3.46\pic18-lt\cxx-framework\src\extended\proc\p18f25k50.asm
                 POSTDEC2   0x000fdd       data     extern E:\c18v3.46\pic18-lt\cxx-framework\src\extended\proc\p18f25k50.asm
                 POSTINC2   0x000fde       data     extern E:\c18v3.46\pic18-lt\cxx-framework\src\extended\proc\p18f25k50.asm
                    INDF2   0x000fdf       data     extern E:\c18v3.46\pic18-lt\cxx-framework\src\extended\proc\p18f25k50.asm
                      BSR   0x000fe0       data     extern E:\c18v3.46\pic18-lt\cxx-framework\src\extended\proc\p18f25k50.asm
                    FSR1L   0x000fe1       data     extern E:\c18v3.46\pic18-lt\cxx-framework\src\extended\proc\p18f25k50.asm
                     FSR1   0x000fe1       data     extern E:\c18v3.46\pic18-lt\cxx-framework\src\extended\proc\p18f25k50.asm
                    FSR1H   0x000fe2       data     extern E:\c18v3.46\pic18-lt\cxx-framework\src\extended\proc\p18f25k50.asm
                   PLUSW1   0x000fe3       data     extern E:\c18v3.46\pic18-lt\cxx-framework\src\extended\proc\p18f25k50.asm
                  PREINC1   0x000fe4       data     extern E:\c18v3.46\pic18-lt\cxx-framework\src\extended\proc\p18f25k50.asm
                 POSTDEC1   0x000fe5       data     extern E:\c18v3.46\pic18-lt\cxx-framework\src\extended\proc\p18f25k50.asm
                 POSTINC1   0x000fe6       data     extern E:\c18v3.46\pic18-lt\cxx-framework\src\extended\proc\p18f25k50.asm
                    INDF1   0x000fe7       data     extern E:\c18v3.46\pic18-lt\cxx-framework\src\extended\proc\p18f25k50.asm
                     WREG   0x000fe8       data     extern E:\c18v3.46\pic18-lt\cxx-framework\src\extended\proc\p18f25k50.asm
                    FSR0L   0x000fe9       data     extern E:\c18v3.46\pic18-lt\cxx-framework\src\extended\proc\p18f25k50.asm
                     FSR0   0x000fe9       data     extern E:\c18v3.46\pic18-lt\cxx-framework\src\extended\proc\p18f25k50.asm
                    FSR0H   0x000fea       data     extern E:\c18v3.46\pic18-lt\cxx-framework\src\extended\proc\p18f25k50.asm
                   PLUSW0   0x000feb       data     extern E:\c18v3.46\pic18-lt\cxx-framework\src\extended\proc\p18f25k50.asm
                  PREINC0   0x000fec       data     extern E:\c18v3.46\pic18-lt\cxx-framework\src\extended\proc\p18f25k50.asm
                 POSTDEC0   0x000fed       data     extern E:\c18v3.46\pic18-lt\cxx-framework\src\extended\proc\p18f25k50.asm
                 POSTINC0   0x000fee       data     extern E:\c18v3.46\pic18-lt\cxx-framework\src\extended\proc\p18f25k50.asm
                    INDF0   0x000fef       data     extern E:\c18v3.46\pic18-lt\cxx-framework\src\extended\proc\p18f25k50.asm
              INTCON3bits   0x000ff0       data     extern E:\c18v3.46\pic18-lt\cxx-framework\src\extended\proc\p18f25k50.asm
                  INTCON3   0x000ff0       data     extern E:\c18v3.46\pic18-lt\cxx-framework\src\extended\proc\p18f25k50.asm
                  INTCON2   0x000ff1       data     extern E:\c18v3.46\pic18-lt\cxx-framework\src\extended\proc\p18f25k50.asm
              INTCON2bits   0x000ff1       data     extern E:\c18v3.46\pic18-lt\cxx-framework\src\extended\proc\p18f25k50.asm
                   INTCON   0x000ff2       data     extern E:\c18v3.46\pic18-lt\cxx-framework\src\extended\proc\p18f25k50.asm
               INTCONbits   0x000ff2       data     extern E:\c18v3.46\pic18-lt\cxx-framework\src\extended\proc\p18f25k50.asm
                     PROD   0x000ff3       data     extern E:\c18v3.46\pic18-lt\cxx-framework\src\extended\proc\p18f25k50.asm
                    PRODL   0x000ff3       data     extern E:\c18v3.46\pic18-lt\cxx-framework\src\extended\proc\p18f25k50.asm
                    PRODH   0x000ff4       data     extern E:\c18v3.46\pic18-lt\cxx-framework\src\extended\proc\p18f25k50.asm
                   TABLAT   0x000ff5       data     extern E:\c18v3.46\pic18-lt\cxx-framework\src\extended\proc\p18f25k50.asm
                   TBLPTR   0x000ff6       data     extern E:\c18v3.46\pic18-lt\cxx-framework\src\extended\proc\p18f25k50.asm
                  TBLPTRL   0x000ff6       data     extern E:\c18v3.46\pic18-lt\cxx-framework\src\extended\proc\p18f25k50.asm
                  TBLPTRH   0x000ff7       data     extern E:\c18v3.46\pic18-lt\cxx-framework\src\extended\proc\p18f25k50.asm
                  TBLPTRU   0x000ff8       data     extern E:\c18v3.46\pic18-lt\cxx-framework\src\extended\proc\p18f25k50.asm
                       PC   0x000ff9       data     extern E:\c18v3.46\pic18-lt\cxx-framework\src\extended\proc\p18f25k50.asm
                      PCL   0x000ff9       data     extern E:\c18v3.46\pic18-lt\cxx-framework\src\extended\proc\p18f25k50.asm
                   PCLATH   0x000ffa       data     extern E:\c18v3.46\pic18-lt\cxx-framework\src\extended\proc\p18f25k50.asm
                   PCLATU   0x000ffb       data     extern E:\c18v3.46\pic18-lt\cxx-framework\src\extended\proc\p18f25k50.asm
                   STKPTR   0x000ffc       data     extern E:\c18v3.46\pic18-lt\cxx-framework\src\extended\proc\p18f25k50.asm
               STKPTRbits   0x000ffc       data     extern E:\c18v3.46\pic18-lt\cxx-framework\src\extended\proc\p18f25k50.asm
                      TOS   0x000ffd       data     extern E:\c18v3.46\pic18-lt\cxx-framework\src\extended\proc\p18f25k50.asm
                     TOSL   0x000ffd       data     extern E:\c18v3.46\pic18-lt\cxx-framework\src\extended\proc\p18f25k50.asm
                     TOSH   0x000ffe       data     extern E:\c18v3.46\pic18-lt\cxx-framework\src\extended\proc\p18f25k50.asm
                     TOSU   0x000fff       data     extern E:\c18v3.46\pic18-lt\cxx-framework\src\extended\proc\p18f25k50.asm


